Archive member included to satisfy reference by file (symbol)

c:/st/stm32cubeide_1.10.1/stm32cubeide/plugins/com.st.stm32cube.ide.mcu.externaltools.gnu-tools-for-stm32.10.3-2021.10.win32_1.0.0.202111181127/tools/bin/../lib/gcc/arm-none-eabi/10.3.1/../../../../arm-none-eabi/lib/thumb/v6-m/nofp\libc_nano.a(lib_a-errno.o)
                              ./Core/Src/syscalls.o (__errno)
c:/st/stm32cubeide_1.10.1/stm32cubeide/plugins/com.st.stm32cube.ide.mcu.externaltools.gnu-tools-for-stm32.10.3-2021.10.win32_1.0.0.202111181127/tools/bin/../lib/gcc/arm-none-eabi/10.3.1/../../../../arm-none-eabi/lib/thumb/v6-m/nofp\libc_nano.a(lib_a-exit.o)
                              c:/st/stm32cubeide_1.10.1/stm32cubeide/plugins/com.st.stm32cube.ide.mcu.externaltools.gnu-tools-for-stm32.10.3-2021.10.win32_1.0.0.202111181127/tools/bin/../lib/gcc/arm-none-eabi/10.3.1/../../../../arm-none-eabi/lib/thumb/v6-m/nofp/crt0.o (exit)
c:/st/stm32cubeide_1.10.1/stm32cubeide/plugins/com.st.stm32cube.ide.mcu.externaltools.gnu-tools-for-stm32.10.3-2021.10.win32_1.0.0.202111181127/tools/bin/../lib/gcc/arm-none-eabi/10.3.1/../../../../arm-none-eabi/lib/thumb/v6-m/nofp\libc_nano.a(lib_a-impure.o)
                              c:/st/stm32cubeide_1.10.1/stm32cubeide/plugins/com.st.stm32cube.ide.mcu.externaltools.gnu-tools-for-stm32.10.3-2021.10.win32_1.0.0.202111181127/tools/bin/../lib/gcc/arm-none-eabi/10.3.1/../../../../arm-none-eabi/lib/thumb/v6-m/nofp\libc_nano.a(lib_a-exit.o) (_global_impure_ptr)
c:/st/stm32cubeide_1.10.1/stm32cubeide/plugins/com.st.stm32cube.ide.mcu.externaltools.gnu-tools-for-stm32.10.3-2021.10.win32_1.0.0.202111181127/tools/bin/../lib/gcc/arm-none-eabi/10.3.1/../../../../arm-none-eabi/lib/thumb/v6-m/nofp\libc_nano.a(lib_a-init.o)
                              c:/st/stm32cubeide_1.10.1/stm32cubeide/plugins/com.st.stm32cube.ide.mcu.externaltools.gnu-tools-for-stm32.10.3-2021.10.win32_1.0.0.202111181127/tools/bin/../lib/gcc/arm-none-eabi/10.3.1/../../../../arm-none-eabi/lib/thumb/v6-m/nofp/crt0.o (__libc_init_array)
c:/st/stm32cubeide_1.10.1/stm32cubeide/plugins/com.st.stm32cube.ide.mcu.externaltools.gnu-tools-for-stm32.10.3-2021.10.win32_1.0.0.202111181127/tools/bin/../lib/gcc/arm-none-eabi/10.3.1/../../../../arm-none-eabi/lib/thumb/v6-m/nofp\libc_nano.a(lib_a-memset.o)
                              c:/st/stm32cubeide_1.10.1/stm32cubeide/plugins/com.st.stm32cube.ide.mcu.externaltools.gnu-tools-for-stm32.10.3-2021.10.win32_1.0.0.202111181127/tools/bin/../lib/gcc/arm-none-eabi/10.3.1/../../../../arm-none-eabi/lib/thumb/v6-m/nofp/crt0.o (memset)
c:/st/stm32cubeide_1.10.1/stm32cubeide/plugins/com.st.stm32cube.ide.mcu.externaltools.gnu-tools-for-stm32.10.3-2021.10.win32_1.0.0.202111181127/tools/bin/../lib/gcc/arm-none-eabi/10.3.1/thumb/v6-m/nofp\libgcc.a(_udivsi3.o)
                              ./Core/Src/system_stm32f0xx.o (__aeabi_uidiv)
c:/st/stm32cubeide_1.10.1/stm32cubeide/plugins/com.st.stm32cube.ide.mcu.externaltools.gnu-tools-for-stm32.10.3-2021.10.win32_1.0.0.202111181127/tools/bin/../lib/gcc/arm-none-eabi/10.3.1/thumb/v6-m/nofp\libgcc.a(_dvmd_tls.o)
                              c:/st/stm32cubeide_1.10.1/stm32cubeide/plugins/com.st.stm32cube.ide.mcu.externaltools.gnu-tools-for-stm32.10.3-2021.10.win32_1.0.0.202111181127/tools/bin/../lib/gcc/arm-none-eabi/10.3.1/thumb/v6-m/nofp\libgcc.a(_udivsi3.o) (__aeabi_idiv0)

Discarded input sections

 .text          0x0000000000000000        0x0 c:/st/stm32cubeide_1.10.1/stm32cubeide/plugins/com.st.stm32cube.ide.mcu.externaltools.gnu-tools-for-stm32.10.3-2021.10.win32_1.0.0.202111181127/tools/bin/../lib/gcc/arm-none-eabi/10.3.1/thumb/v6-m/nofp/crti.o
 .data          0x0000000000000000        0x0 c:/st/stm32cubeide_1.10.1/stm32cubeide/plugins/com.st.stm32cube.ide.mcu.externaltools.gnu-tools-for-stm32.10.3-2021.10.win32_1.0.0.202111181127/tools/bin/../lib/gcc/arm-none-eabi/10.3.1/thumb/v6-m/nofp/crti.o
 .bss           0x0000000000000000        0x0 c:/st/stm32cubeide_1.10.1/stm32cubeide/plugins/com.st.stm32cube.ide.mcu.externaltools.gnu-tools-for-stm32.10.3-2021.10.win32_1.0.0.202111181127/tools/bin/../lib/gcc/arm-none-eabi/10.3.1/thumb/v6-m/nofp/crti.o
 .data          0x0000000000000000        0x4 c:/st/stm32cubeide_1.10.1/stm32cubeide/plugins/com.st.stm32cube.ide.mcu.externaltools.gnu-tools-for-stm32.10.3-2021.10.win32_1.0.0.202111181127/tools/bin/../lib/gcc/arm-none-eabi/10.3.1/thumb/v6-m/nofp/crtbegin.o
 .rodata        0x0000000000000000       0x24 c:/st/stm32cubeide_1.10.1/stm32cubeide/plugins/com.st.stm32cube.ide.mcu.externaltools.gnu-tools-for-stm32.10.3-2021.10.win32_1.0.0.202111181127/tools/bin/../lib/gcc/arm-none-eabi/10.3.1/thumb/v6-m/nofp/crtbegin.o
 .text          0x0000000000000000       0x80 c:/st/stm32cubeide_1.10.1/stm32cubeide/plugins/com.st.stm32cube.ide.mcu.externaltools.gnu-tools-for-stm32.10.3-2021.10.win32_1.0.0.202111181127/tools/bin/../lib/gcc/arm-none-eabi/10.3.1/../../../../arm-none-eabi/lib/thumb/v6-m/nofp/crt0.o
[...]
Memory Configuration

Name             Origin             Length             Attributes
RAM              0x0000000020000000 0x0000000000002000 xrw
FLASH            0x0000000008000000 0x0000000000010000 xr
*default*        0x0000000000000000 0xffffffffffffffff

Linker script and memory map

LOAD c:/st/stm32cubeide_1.10.1/stm32cubeide/plugins/com.st.stm32cube.ide.mcu.externaltools.gnu-tools-for-stm32.10.3-2021.10.win32_1.0.0.202111181127/tools/bin/../lib/gcc/arm-none-eabi/10.3.1/thumb/v6-m/nofp/crti.o
LOAD c:/st/stm32cubeide_1.10.1/stm32cubeide/plugins/com.st.stm32cube.ide.mcu.externaltools.gnu-tools-for-stm32.10.3-2021.10.win32_1.0.0.202111181127/tools/bin/../lib/gcc/arm-none-eabi/10.3.1/thumb/v6-m/nofp/crtbegin.o
LOAD c:/st/stm32cubeide_1.10.1/stm32cubeide/plugins/com.st.stm32cube.ide.mcu.externaltools.gnu-tools-for-stm32.10.3-2021.10.win32_1.0.0.202111181127/tools/bin/../lib/gcc/arm-none-eabi/10.3.1/../../../../arm-none-eabi/lib/thumb/v6-m/nofp/crt0.o
LOAD ./Core/Src/fatfs_sd.o
LOAD ./Core/Src/main.o
LOAD ./Core/Src/stm32f0xx_hal_msp.o
LOAD ./Core/Src/stm32f0xx_it.o
LOAD ./Core/Src/syscalls.o
LOAD ./Core/Src/sysmem.o
LOAD ./Core/Src/system_stm32f0xx.o
LOAD ./Core/Startup/startup_stm32f051r8tx.o
LOAD ./Drivers/STM32F0xx_HAL_Driver/Src/stm32f0xx_hal.o
LOAD ./Drivers/STM32F0xx_HAL_Driver/Src/stm32f0xx_hal_cortex.o
LOAD ./Drivers/STM32F0xx_HAL_Driver/Src/stm32f0xx_hal_dma.o
LOAD ./Drivers/STM32F0xx_HAL_Driver/Src/stm32f0xx_hal_exti.o
LOAD ./Drivers/STM32F0xx_HAL_Driver/Src/stm32f0xx_hal_flash.o
LOAD ./Drivers/STM32F0xx_HAL_Driver/Src/stm32f0xx_hal_flash_ex.o
LOAD ./Drivers/STM32F0xx_HAL_Driver/Src/stm32f0xx_hal_gpio.o
LOAD ./Drivers/STM32F0xx_HAL_Driver/Src/stm32f0xx_hal_i2c.o
LOAD ./Drivers/STM32F0xx_HAL_Driver/Src/stm32f0xx_hal_i2c_ex.o
LOAD ./Drivers/STM32F0xx_HAL_Driver/Src/stm32f0xx_hal_pwr.o
LOAD ./Drivers/STM32F0xx_HAL_Driver/Src/stm32f0xx_hal_pwr_ex.o
LOAD ./Drivers/STM32F0xx_HAL_Driver/Src/stm32f0xx_hal_rcc.o
LOAD ./Drivers/STM32F0xx_HAL_Driver/Src/stm32f0xx_hal_rcc_ex.o
LOAD ./Drivers/STM32F0xx_HAL_Driver/Src/stm32f0xx_hal_rtc.o
LOAD ./Drivers/STM32F0xx_HAL_Driver/Src/stm32f0xx_hal_rtc_ex.o
LOAD ./Drivers/STM32F0xx_HAL_Driver/Src/stm32f0xx_hal_spi.o
LOAD ./Drivers/STM32F0xx_HAL_Driver/Src/stm32f0xx_hal_spi_ex.o
LOAD ./Drivers/STM32F0xx_HAL_Driver/Src/stm32f0xx_hal_tim.o
LOAD ./Drivers/STM32F0xx_HAL_Driver/Src/stm32f0xx_hal_tim_ex.o
LOAD ./FATFS/App/fatfs.o
LOAD ./FATFS/Target/user_diskio.o
LOAD ./Middlewares/Third_Party/FatFs/src/diskio.o
LOAD ./Middlewares/Third_Party/FatFs/src/ff.o
LOAD ./Middlewares/Third_Party/FatFs/src/ff_gen_drv.o
LOAD ./Middlewares/Third_Party/FatFs/src/option/syscall.o
START GROUP
LOAD c:/st/stm32cubeide_1.10.1/stm32cubeide/plugins/com.st.stm32cube.ide.mcu.externaltools.gnu-tools-for-stm32.10.3-2021.10.win32_1.0.0.202111181127/tools/bin/../lib/gcc/arm-none-eabi/10.3.1/../../../../arm-none-eabi/lib/thumb/v6-m/nofp\libc_nano.a
LOAD c:/st/stm32cubeide_1.10.1/stm32cubeide/plugins/com.st.stm32cube.ide.mcu.externaltools.gnu-tools-for-stm32.10.3-2021.10.win32_1.0.0.202111181127/tools/bin/../lib/gcc/arm-none-eabi/10.3.1/../../../../arm-none-eabi/lib/thumb/v6-m/nofp\libm.a
END GROUP
START GROUP
LOAD c:/st/stm32cubeide_1.10.1/stm32cubeide/plugins/com.st.stm32cube.ide.mcu.externaltools.gnu-tools-for-stm32.10.3-2021.10.win32_1.0.0.202111181127/tools/bin/../lib/gcc/arm-none-eabi/10.3.1/thumb/v6-m/nofp\libgcc.a
LOAD c:/st/stm32cubeide_1.10.1/stm32cubeide/plugins/com.st.stm32cube.ide.mcu.externaltools.gnu-tools-for-stm32.10.3-2021.10.win32_1.0.0.202111181127/tools/bin/../lib/gcc/arm-none-eabi/10.3.1/../../../../arm-none-eabi/lib/thumb/v6-m/nofp\libc_nano.a
END GROUP
START GROUP
LOAD c:/st/stm32cubeide_1.10.1/stm32cubeide/plugins/com.st.stm32cube.ide.mcu.externaltools.gnu-tools-for-stm32.10.3-2021.10.win32_1.0.0.202111181127/tools/bin/../lib/gcc/arm-none-eabi/10.3.1/thumb/v6-m/nofp\libgcc.a
LOAD c:/st/stm32cubeide_1.10.1/stm32cubeide/plugins/com.st.stm32cube.ide.mcu.externaltools.gnu-tools-for-stm32.10.3-2021.10.win32_1.0.0.202111181127/tools/bin/../lib/gcc/arm-none-eabi/10.3.1/../../../../arm-none-eabi/lib/thumb/v6-m/nofp\libc_nano.a
LOAD c:/st/stm32cubeide_1.10.1/stm32cubeide/plugins/com.st.stm32cube.ide.mcu.externaltools.gnu-tools-for-stm32.10.3-2021.10.win32_1.0.0.202111181127/tools/bin/../lib/gcc/arm-none-eabi/10.3.1/../../../../arm-none-eabi/lib/thumb/v6-m/nofp\libnosys.a
END GROUP
START GROUP
LOAD c:/st/stm32cubeide_1.10.1/stm32cubeide/plugins/com.st.stm32cube.ide.mcu.externaltools.gnu-tools-for-stm32.10.3-2021.10.win32_1.0.0.202111181127/tools/bin/../lib/gcc/arm-none-eabi/10.3.1/thumb/v6-m/nofp\libgcc.a
LOAD c:/st/stm32cubeide_1.10.1/stm32cubeide/plugins/com.st.stm32cube.ide.mcu.externaltools.gnu-tools-for-stm32.10.3-2021.10.win32_1.0.0.202111181127/tools/bin/../lib/gcc/arm-none-eabi/10.3.1/../../../../arm-none-eabi/lib/thumb/v6-m/nofp\libc_nano.a
LOAD c:/st/stm32cubeide_1.10.1/stm32cubeide/plugins/com.st.stm32cube.ide.mcu.externaltools.gnu-tools-for-stm32.10.3-2021.10.win32_1.0.0.202111181127/tools/bin/../lib/gcc/arm-none-eabi/10.3.1/../../../../arm-none-eabi/lib/thumb/v6-m/nofp\libnosys.a
END GROUP
LOAD c:/st/stm32cubeide_1.10.1/stm32cubeide/plugins/com.st.stm32cube.ide.mcu.externaltools.gnu-tools-for-stm32.10.3-2021.10.win32_1.0.0.202111181127/tools/bin/../lib/gcc/arm-none-eabi/10.3.1/thumb/v6-m/nofp/crtend.o
LOAD c:/st/stm32cubeide_1.10.1/stm32cubeide/plugins/com.st.stm32cube.ide.mcu.externaltools.gnu-tools-for-stm32.10.3-2021.10.win32_1.0.0.202111181127/tools/bin/../lib/gcc/arm-none-eabi/10.3.1/thumb/v6-m/nofp/crtn.o
                0x0000000020002000                _estack = (ORIGIN (RAM) + LENGTH (RAM))
                0x0000000000000200                _Min_Heap_Size = 0x200
                0x0000000000000400                _Min_Stack_Size = 0x400

.isr_vector     0x0000000008000000       0xc0
                0x0000000008000000                . = ALIGN (0x4)
 *(.isr_vector)
 .isr_vector    0x0000000008000000       0xc0 ./Core/Startup/startup_stm32f051r8tx.o
                0x0000000008000000                g_pfnVectors
                0x00000000080000c0                . = ALIGN (0x4)

.text           0x00000000080000c0     0x6280
                0x00000000080000c0                . = ALIGN (0x4)
 *(.text)
 .text          0x00000000080000c0       0x48 c:/st/stm32cubeide_1.10.1/stm32cubeide/plugins/com.st.stm32cube.ide.mcu.externaltools.gnu-tools-for-stm32.10.3-2021.10.win32_1.0.0.202111181127/tools/bin/../lib/gcc/arm-none-eabi/10.3.1/thumb/v6-m/nofp/crtbegin.o
 .text          0x0000000008000108      0x114 c:/st/stm32cubeide_1.10.1/stm32cubeide/plugins/com.st.stm32cube.ide.mcu.externaltools.gnu-tools-for-stm32.10.3-2021.10.win32_1.0.0.202111181127/tools/bin/../lib/gcc/arm-none-eabi/10.3.1/thumb/v6-m/nofp\libgcc.a(_udivsi3.o)
                0x0000000008000108                __aeabi_uidiv
                0x0000000008000108                __udivsi3
                0x0000000008000214                __aeabi_uidivmod
 .text          0x000000000800021c        0x4 c:/st/stm32cubeide_1.10.1/stm32cubeide/plugins/com.st.stm32cube.ide.mcu.externaltools.gnu-tools-for-stm32.10.3-2021.10.win32_1.0.0.202111181127/tools/bin/../lib/gcc/arm-none-eabi/10.3.1/thumb/v6-m/nofp\libgcc.a(_dvmd_tls.o)
                0x000000000800021c                __aeabi_idiv0
                0x000000000800021c                __aeabi_ldiv0
 *(.text*)
 .text.SELECT   0x0000000008000220       0x18 ./Core/Src/fatfs_sd.o
 .text.DESELECT
                0x0000000008000238       0x18 ./Core/Src/fatfs_sd.o
 .text.SPI_TxByte
                0x0000000008000250       0x38 ./Core/Src/fatfs_sd.o
 .text.SPI_RxByte
                0x0000000008000288       0x44 ./Core/Src/fatfs_sd.o
 .text.SPI_RxBytePtr
                0x00000000080002cc       0x1c ./Core/Src/fatfs_sd.o
 .text.SD_ReadyWait
                0x00000000080002e8       0x3c ./Core/Src/fatfs_sd.o
 .text.SD_PowerOn
                0x0000000008000324       0xa8 ./Core/Src/fatfs_sd.o
 .text.SD_PowerOff
                0x00000000080003cc       0x14 ./Core/Src/fatfs_sd.o
 .text.SD_CheckPower
                0x00000000080003e0       0x14 ./Core/Src/fatfs_sd.o
 .text.SD_RxDataBlock
                0x00000000080003f4       0x78 ./Core/Src/fatfs_sd.o
 .text.SD_TxDataBlock
                0x000000000800046c       0xd0 ./Core/Src/fatfs_sd.o
 .text.SD_SendCmd
                0x000000000800053c       0xd2 ./Core/Src/fatfs_sd.o
 *fill*         0x000000000800060e        0x2 
 .text.SD_disk_initialize
                0x0000000008000610      0x218 ./Core/Src/fatfs_sd.o
                0x0000000008000610                SD_disk_initialize
 .text.SD_disk_status
                0x0000000008000828       0x2c ./Core/Src/fatfs_sd.o
                0x0000000008000828                SD_disk_status
 .text.SD_disk_read
                0x0000000008000854       0xe0 ./Core/Src/fatfs_sd.o
                0x0000000008000854                SD_disk_read
 .text.SD_disk_write
                0x0000000008000934      0x110 ./Core/Src/fatfs_sd.o
                0x0000000008000934                SD_disk_write
 .text.SD_disk_ioctl
                0x0000000008000a44      0x274 ./Core/Src/fatfs_sd.o
                0x0000000008000a44                SD_disk_ioctl
 .text.main     0x0000000008000cb8      0x15c ./Core/Src/main.o
                0x0000000008000cb8                main
 .text.SystemClock_Config
                0x0000000008000e14       0xcc ./Core/Src/main.o
                0x0000000008000e14                SystemClock_Config
 .text.MX_RTC_Init
                0x0000000008000ee0       0xc4 ./Core/Src/main.o
 .text.MX_SPI1_Init
                0x0000000008000fa4       0x7c ./Core/Src/main.o
 .text.MX_GPIO_Init
                0x0000000008001020       0xec ./Core/Src/main.o
 .text.Error_Handler
                0x000000000800110c        0xa ./Core/Src/main.o
                0x000000000800110c                Error_Handler
 *fill*         0x0000000008001116        0x2 
 .text.HAL_MspInit
                0x0000000008001118       0x48 ./Core/Src/stm32f0xx_hal_msp.o
                0x0000000008001118                HAL_MspInit
 .text.HAL_RTC_MspInit
                0x0000000008001160       0x30 ./Core/Src/stm32f0xx_hal_msp.o
                0x0000000008001160                HAL_RTC_MspInit
 .text.HAL_SPI_MspInit
                0x0000000008001190       0x98 ./Core/Src/stm32f0xx_hal_msp.o
                0x0000000008001190                HAL_SPI_MspInit
 .text.SDTimer_Handler
                0x0000000008001228       0x44 ./Core/Src/stm32f0xx_it.o
                0x0000000008001228                SDTimer_Handler
 .text.NMI_Handler
                0x000000000800126c        0x6 ./Core/Src/stm32f0xx_it.o
                0x000000000800126c                NMI_Handler
 .text.HardFault_Handler
                0x0000000008001272        0x6 ./Core/Src/stm32f0xx_it.o
                0x0000000008001272                HardFault_Handler
 .text.SVC_Handler
                0x0000000008001278        0xa ./Core/Src/stm32f0xx_it.o
                0x0000000008001278                SVC_Handler
 .text.PendSV_Handler
                0x0000000008001282        0xa ./Core/Src/stm32f0xx_it.o
                0x0000000008001282                PendSV_Handler
 .text.SysTick_Handler
                0x000000000800128c       0x34 ./Core/Src/stm32f0xx_it.o
                0x000000000800128c                SysTick_Handler
 .text.SystemInit
                0x00000000080012c0        0xa ./Core/Src/system_stm32f0xx.o
                0x00000000080012c0                SystemInit
 *fill*         0x00000000080012ca        0x2 
 .text.Reset_Handler
                0x00000000080012cc       0x50 ./Core/Startup/startup_stm32f051r8tx.o
                0x00000000080012cc                Reset_Handler
 .text.Default_Handler
                0x000000000800131c        0x2 ./Core/Startup/startup_stm32f051r8tx.o
                0x000000000800131c                TIM1_CC_IRQHandler
                0x000000000800131c                TSC_IRQHandler
                0x000000000800131c                ADC1_COMP_IRQHandler
                0x000000000800131c                PVD_IRQHandler
                0x000000000800131c                I2C1_IRQHandler
                0x000000000800131c                RCC_CRS_IRQHandler
                0x000000000800131c                SPI1_IRQHandler
                0x000000000800131c                TIM6_DAC_IRQHandler
                0x000000000800131c                EXTI2_3_IRQHandler
                0x000000000800131c                I2C2_IRQHandler
                0x000000000800131c                TIM17_IRQHandler
                0x000000000800131c                CEC_CAN_IRQHandler
                0x000000000800131c                RTC_IRQHandler
                0x000000000800131c                TIM16_IRQHandler
                0x000000000800131c                TIM3_IRQHandler
                0x000000000800131c                EXTI4_15_IRQHandler
                0x000000000800131c                DMA1_Channel1_IRQHandler
                0x000000000800131c                Default_Handler
                0x000000000800131c                TIM14_IRQHandler
                0x000000000800131c                DMA1_Channel4_5_IRQHandler
                0x000000000800131c                TIM15_IRQHandler
                0x000000000800131c                EXTI0_1_IRQHandler
                0x000000000800131c                SPI2_IRQHandler
                0x000000000800131c                WWDG_IRQHandler
                0x000000000800131c                TIM2_IRQHandler
                0x000000000800131c                DMA1_Channel2_3_IRQHandler
                0x000000000800131c                USART2_IRQHandler
                0x000000000800131c                FLASH_IRQHandler
                0x000000000800131c                USART1_IRQHandler
                0x000000000800131c                TIM1_BRK_UP_TRG_COM_IRQHandler
 *fill*         0x000000000800131e        0x2 
 .text.HAL_Init
                0x0000000008001320       0x28 ./Drivers/STM32F0xx_HAL_Driver/Src/stm32f0xx_hal.o
                0x0000000008001320                HAL_Init
 .text.HAL_InitTick
                0x0000000008001348       0x68 ./Drivers/STM32F0xx_HAL_Driver/Src/stm32f0xx_hal.o
                0x0000000008001348                HAL_InitTick
 .text.HAL_IncTick
                0x00000000080013b0       0x24 ./Drivers/STM32F0xx_HAL_Driver/Src/stm32f0xx_hal.o
                0x00000000080013b0                HAL_IncTick
 .text.HAL_GetTick
                0x00000000080013d4       0x14 ./Drivers/STM32F0xx_HAL_Driver/Src/stm32f0xx_hal.o
                0x00000000080013d4                HAL_GetTick
 .text.HAL_Delay
                0x00000000080013e8       0x48 ./Drivers/STM32F0xx_HAL_Driver/Src/stm32f0xx_hal.o
                0x00000000080013e8                HAL_Delay
 .text.__NVIC_SetPriority
                0x0000000008001430       0xdc ./Drivers/STM32F0xx_HAL_Driver/Src/stm32f0xx_hal_cortex.o
 .text.SysTick_Config
                0x000000000800150c       0x48 ./Drivers/STM32F0xx_HAL_Driver/Src/stm32f0xx_hal_cortex.o
 .text.HAL_NVIC_SetPriority
                0x0000000008001554       0x2a ./Drivers/STM32F0xx_HAL_Driver/Src/stm32f0xx_hal_cortex.o
                0x0000000008001554                HAL_NVIC_SetPriority
 .text.HAL_SYSTICK_Config
                0x000000000800157e       0x1a ./Drivers/STM32F0xx_HAL_Driver/Src/stm32f0xx_hal_cortex.o
                0x000000000800157e                HAL_SYSTICK_Config
 .text.HAL_GPIO_Init
                0x0000000008001598      0x2e0 ./Drivers/STM32F0xx_HAL_Driver/Src/stm32f0xx_hal_gpio.o
                0x0000000008001598                HAL_GPIO_Init
 .text.HAL_GPIO_WritePin
                0x0000000008001878       0x3a ./Drivers/STM32F0xx_HAL_Driver/Src/stm32f0xx_hal_gpio.o
                0x0000000008001878                HAL_GPIO_WritePin
 *fill*         0x00000000080018b2        0x2 
 .text.HAL_RCC_OscConfig
                0x00000000080018b4      0x634 ./Drivers/STM32F0xx_HAL_Driver/Src/stm32f0xx_hal_rcc.o
                0x00000000080018b4                HAL_RCC_OscConfig
 .text.HAL_RCC_ClockConfig
                0x0000000008001ee8      0x19c ./Drivers/STM32F0xx_HAL_Driver/Src/stm32f0xx_hal_rcc.o
                0x0000000008001ee8                HAL_RCC_ClockConfig
 .text.HAL_RCC_GetSysClockFreq
                0x0000000008002084       0xc8 ./Drivers/STM32F0xx_HAL_Driver/Src/stm32f0xx_hal_rcc.o
                0x0000000008002084                HAL_RCC_GetSysClockFreq
 .text.HAL_RCCEx_PeriphCLKConfig
                0x000000000800214c      0x1bc ./Drivers/STM32F0xx_HAL_Driver/Src/stm32f0xx_hal_rcc_ex.o
                0x000000000800214c                HAL_RCCEx_PeriphCLKConfig
 .text.HAL_RTC_Init
                0x0000000008002308      0x128 ./Drivers/STM32F0xx_HAL_Driver/Src/stm32f0xx_hal_rtc.o
                0x0000000008002308                HAL_RTC_Init
 .text.HAL_RTC_SetTime
                0x0000000008002430      0x178 ./Drivers/STM32F0xx_HAL_Driver/Src/stm32f0xx_hal_rtc.o
                0x0000000008002430                HAL_RTC_SetTime
 .text.HAL_RTC_GetTime
                0x00000000080025a8       0xbc ./Drivers/STM32F0xx_HAL_Driver/Src/stm32f0xx_hal_rtc.o
                0x00000000080025a8                HAL_RTC_GetTime
 .text.HAL_RTC_SetDate
                0x0000000008002664      0x14c ./Drivers/STM32F0xx_HAL_Driver/Src/stm32f0xx_hal_rtc.o
                0x0000000008002664                HAL_RTC_SetDate
 .text.HAL_RTC_GetDate
                0x00000000080027b0       0xa0 ./Drivers/STM32F0xx_HAL_Driver/Src/stm32f0xx_hal_rtc.o
                0x00000000080027b0                HAL_RTC_GetDate
 .text.HAL_RTC_WaitForSynchro
                0x0000000008002850       0x52 ./Drivers/STM32F0xx_HAL_Driver/Src/stm32f0xx_hal_rtc.o
                0x0000000008002850                HAL_RTC_WaitForSynchro
 .text.RTC_EnterInitMode
                0x00000000080028a2       0x58 ./Drivers/STM32F0xx_HAL_Driver/Src/stm32f0xx_hal_rtc.o
                0x00000000080028a2                RTC_EnterInitMode
 .text.RTC_ByteToBcd2
                0x00000000080028fa       0x42 ./Drivers/STM32F0xx_HAL_Driver/Src/stm32f0xx_hal_rtc.o
                0x00000000080028fa                RTC_ByteToBcd2
 .text.RTC_Bcd2ToByte
                0x000000000800293c       0x3e ./Drivers/STM32F0xx_HAL_Driver/Src/stm32f0xx_hal_rtc.o
                0x000000000800293c                RTC_Bcd2ToByte
 *fill*         0x000000000800297a        0x2 
 .text.HAL_SPI_Init
                0x000000000800297c      0x170 ./Drivers/STM32F0xx_HAL_Driver/Src/stm32f0xx_hal_spi.o
                0x000000000800297c                HAL_SPI_Init
 .text.HAL_SPI_Transmit
                0x0000000008002aec      0x2b0 ./Drivers/STM32F0xx_HAL_Driver/Src/stm32f0xx_hal_spi.o
                0x0000000008002aec                HAL_SPI_Transmit
 .text.HAL_SPI_TransmitReceive
                0x0000000008002d9c      0x3a4 ./Drivers/STM32F0xx_HAL_Driver/Src/stm32f0xx_hal_spi.o
                0x0000000008002d9c                HAL_SPI_TransmitReceive
 .text.HAL_SPI_GetState
                0x0000000008003140       0x18 ./Drivers/STM32F0xx_HAL_Driver/Src/stm32f0xx_hal_spi.o
                0x0000000008003140                HAL_SPI_GetState
 .text.SPI_WaitFlagStateUntilTimeout
                0x0000000008003158      0x11c ./Drivers/STM32F0xx_HAL_Driver/Src/stm32f0xx_hal_spi.o
 .text.SPI_WaitFifoStateUntilTimeout
                0x0000000008003274      0x144 ./Drivers/STM32F0xx_HAL_Driver/Src/stm32f0xx_hal_spi.o
 .text.SPI_EndRxTxTransaction
                0x00000000080033b8       0x8c ./Drivers/STM32F0xx_HAL_Driver/Src/stm32f0xx_hal_spi.o
 .text.MX_FATFS_Init
                0x0000000008003444       0x2c ./FATFS/App/fatfs.o
                0x0000000008003444                MX_FATFS_Init
 .text.get_fattime
                0x0000000008003470        0xc ./FATFS/App/fatfs.o
                0x0000000008003470                get_fattime
 .text.USER_initialize
                0x000000000800347c       0x22 ./FATFS/Target/user_diskio.o
                0x000000000800347c                USER_initialize
 .text.USER_status
                0x000000000800349e       0x22 ./FATFS/Target/user_diskio.o
                0x000000000800349e                USER_status
 .text.USER_read
                0x00000000080034c0       0x2e ./FATFS/Target/user_diskio.o
                0x00000000080034c0                USER_read
 .text.USER_write
                0x00000000080034ee       0x2e ./FATFS/Target/user_diskio.o
                0x00000000080034ee                USER_write
 .text.USER_ioctl
                0x000000000800351c       0x30 ./FATFS/Target/user_diskio.o
                0x000000000800351c                USER_ioctl
 .text.disk_status
                0x000000000800354c       0x44 ./Middlewares/Third_Party/FatFs/src/diskio.o
                0x000000000800354c                disk_status
 .text.disk_initialize
                0x0000000008003590       0x60 ./Middlewares/Third_Party/FatFs/src/diskio.o
                0x0000000008003590                disk_initialize
 .text.disk_read
                0x00000000080035f0       0x50 ./Middlewares/Third_Party/FatFs/src/diskio.o
                0x00000000080035f0                disk_read
 .text.disk_write
                0x0000000008003640       0x50 ./Middlewares/Third_Party/FatFs/src/diskio.o
                0x0000000008003640                disk_write
 .text.disk_ioctl
                0x0000000008003690       0x50 ./Middlewares/Third_Party/FatFs/src/diskio.o
                0x0000000008003690                disk_ioctl
 .text.mem_cpy  0x00000000080036e0       0x3a ./Middlewares/Third_Party/FatFs/src/ff.o
 .text.mem_set  0x000000000800371a       0x32 ./Middlewares/Third_Party/FatFs/src/ff.o
 .text.mem_cmp  0x000000000800374c       0x4a ./Middlewares/Third_Party/FatFs/src/ff.o
 .text.chk_chr  0x0000000008003796       0x32 ./Middlewares/Third_Party/FatFs/src/ff.o
 .text.chk_lock
                0x00000000080037c8       0xdc ./Middlewares/Third_Party/FatFs/src/ff.o
 .text.enq_lock
                0x00000000080038a4       0x40 ./Middlewares/Third_Party/FatFs/src/ff.o
 .text.inc_lock
                0x00000000080038e4      0x170 ./Middlewares/Third_Party/FatFs/src/ff.o
 .text.dec_lock
                0x0000000008003a54       0xa8 ./Middlewares/Third_Party/FatFs/src/ff.o
 .text.clear_lock
                0x0000000008003afc       0x4c ./Middlewares/Third_Party/FatFs/src/ff.o
 .text.sync_window
                0x0000000008003b48       0xb0 ./Middlewares/Third_Party/FatFs/src/ff.o
 .text.move_window
                0x0000000008003bf8       0x78 ./Middlewares/Third_Party/FatFs/src/ff.o
 .text.sync_fs  0x0000000008003c70      0x1a8 ./Middlewares/Third_Party/FatFs/src/ff.o
 .text.clust2sect
                0x0000000008003e18       0x48 ./Middlewares/Third_Party/FatFs/src/ff.o
                0x0000000008003e18                clust2sect
 .text.get_fat  0x0000000008003e60      0x184 ./Middlewares/Third_Party/FatFs/src/ff.o
                0x0000000008003e60                get_fat
 .text.put_fat  0x0000000008003fe4      0x25c ./Middlewares/Third_Party/FatFs/src/ff.o
                0x0000000008003fe4                put_fat
 .text.remove_chain
                0x0000000008004240       0xe0 ./Middlewares/Third_Party/FatFs/src/ff.o
 .text.create_chain
                0x0000000008004320      0x16c ./Middlewares/Third_Party/FatFs/src/ff.o
 .text.clmt_clust
                0x000000000800448c       0x74 ./Middlewares/Third_Party/FatFs/src/ff.o
 .text.dir_sdi  0x0000000008004500      0x160 ./Middlewares/Third_Party/FatFs/src/ff.o
 .text.dir_next
                0x0000000008004660      0x234 ./Middlewares/Third_Party/FatFs/src/ff.o
 .text.dir_alloc
                0x0000000008004894       0xba ./Middlewares/Third_Party/FatFs/src/ff.o
 .text.ld_clust
                0x000000000800494e       0x5a ./Middlewares/Third_Party/FatFs/src/ff.o
 .text.st_clust
                0x00000000080049a8       0x4a ./Middlewares/Third_Party/FatFs/src/ff.o
 .text.dir_find
                0x00000000080049f2       0xc8 ./Middlewares/Third_Party/FatFs/src/ff.o
 .text.dir_register
                0x0000000008004aba       0x92 ./Middlewares/Third_Party/FatFs/src/ff.o
 .text.create_name
                0x0000000008004b4c      0x200 ./Middlewares/Third_Party/FatFs/src/ff.o
 .text.follow_path
                0x0000000008004d4c      0x110 ./Middlewares/Third_Party/FatFs/src/ff.o
 .text.get_ldnumber
                0x0000000008004e5c       0x84 ./Middlewares/Third_Party/FatFs/src/ff.o
 .text.check_fs
                0x0000000008004ee0       0xdc ./Middlewares/Third_Party/FatFs/src/ff.o
 .text.find_volume
                0x0000000008004fbc      0x63c ./Middlewares/Third_Party/FatFs/src/ff.o
 .text.validate
                0x00000000080055f8       0x7c ./Middlewares/Third_Party/FatFs/src/ff.o
 .text.f_mount  0x0000000008005674       0xa0 ./Middlewares/Third_Party/FatFs/src/ff.o
                0x0000000008005674                f_mount
 .text.f_open   0x0000000008005714      0x508 ./Middlewares/Third_Party/FatFs/src/ff.o
                0x0000000008005714                f_open
 .text.f_write  0x0000000008005c1c      0x3d0 ./Middlewares/Third_Party/FatFs/src/ff.o
                0x0000000008005c1c                f_write
 .text.f_sync   0x0000000008005fec      0x1ac ./Middlewares/Third_Party/FatFs/src/ff.o
                0x0000000008005fec                f_sync
 .text.f_close  0x0000000008006198       0x6e ./Middlewares/Third_Party/FatFs/src/ff.o
                0x0000000008006198                f_close
 *fill*         0x0000000008006206        0x2 
 .text.FATFS_LinkDriverEx
                0x0000000008006208       0xa8 ./Middlewares/Third_Party/FatFs/src/ff_gen_drv.o
                0x0000000008006208                FATFS_LinkDriverEx
 .text.FATFS_LinkDriver
                0x00000000080062b0       0x20 ./Middlewares/Third_Party/FatFs/src/ff_gen_drv.o
                0x00000000080062b0                FATFS_LinkDriver
 .text.__libc_init_array
                0x00000000080062d0       0x48 c:/st/stm32cubeide_1.10.1/stm32cubeide/plugins/com.st.stm32cube.ide.mcu.externaltools.gnu-tools-for-stm32.10.3-2021.10.win32_1.0.0.202111181127/tools/bin/../lib/gcc/arm-none-eabi/10.3.1/../../../../arm-none-eabi/lib/thumb/v6-m/nofp\libc_nano.a(lib_a-init.o)
                0x00000000080062d0                __libc_init_array
 .text.memset   0x0000000008006318       0x10 c:/st/stm32cubeide_1.10.1/stm32cubeide/plugins/com.st.stm32cube.ide.mcu.externaltools.gnu-tools-for-stm32.10.3-2021.10.win32_1.0.0.202111181127/tools/bin/../lib/gcc/arm-none-eabi/10.3.1/../../../../arm-none-eabi/lib/thumb/v6-m/nofp\libc_nano.a(lib_a-memset.o)
                0x0000000008006318                memset
 *(.glue_7)
 .glue_7        0x0000000008006328        0x0 linker stubs
 *(.glue_7t)
 .glue_7t       0x0000000008006328        0x0 linker stubs
 *(.eh_frame)
 .eh_frame      0x0000000008006328        0x0 c:/st/stm32cubeide_1.10.1/stm32cubeide/plugins/com.st.stm32cube.ide.mcu.externaltools.gnu-tools-for-stm32.10.3-2021.10.win32_1.0.0.202111181127/tools/bin/../lib/gcc/arm-none-eabi/10.3.1/thumb/v6-m/nofp/crtbegin.o
 *(.init)
 .init          0x0000000008006328        0x4 c:/st/stm32cubeide_1.10.1/stm32cubeide/plugins/com.st.stm32cube.ide.mcu.externaltools.gnu-tools-for-stm32.10.3-2021.10.win32_1.0.0.202111181127/tools/bin/../lib/gcc/arm-none-eabi/10.3.1/thumb/v6-m/nofp/crti.o
                0x0000000008006328                _init
 .init          0x000000000800632c        0x8 c:/st/stm32cubeide_1.10.1/stm32cubeide/plugins/com.st.stm32cube.ide.mcu.externaltools.gnu-tools-for-stm32.10.3-2021.10.win32_1.0.0.202111181127/tools/bin/../lib/gcc/arm-none-eabi/10.3.1/thumb/v6-m/nofp/crtn.o
 *(.fini)
 .fini          0x0000000008006334        0x4 c:/st/stm32cubeide_1.10.1/stm32cubeide/plugins/com.st.stm32cube.ide.mcu.externaltools.gnu-tools-for-stm32.10.3-2021.10.win32_1.0.0.202111181127/tools/bin/../lib/gcc/arm-none-eabi/10.3.1/thumb/v6-m/nofp/crti.o
                0x0000000008006334                _fini
 .fini          0x0000000008006338        0x8 c:/st/stm32cubeide_1.10.1/stm32cubeide/plugins/com.st.stm32cube.ide.mcu.externaltools.gnu-tools-for-stm32.10.3-2021.10.win32_1.0.0.202111181127/tools/bin/../lib/gcc/arm-none-eabi/10.3.1/thumb/v6-m/nofp/crtn.o
                0x0000000008006340                . = ALIGN (0x4)
                0x0000000008006340                _etext = .

.vfp11_veneer   0x0000000008006340        0x0
 .vfp11_veneer  0x0000000008006340        0x0 linker stubs

.v4_bx          0x0000000008006340        0x0
 .v4_bx         0x0000000008006340        0x0 linker stubs

.iplt           0x0000000008006340        0x0
 .iplt          0x0000000008006340        0x0 c:/st/stm32cubeide_1.10.1/stm32cubeide/plugins/com.st.stm32cube.ide.mcu.externaltools.gnu-tools-for-stm32.10.3-2021.10.win32_1.0.0.202111181127/tools/bin/../lib/gcc/arm-none-eabi/10.3.1/thumb/v6-m/nofp/crtbegin.o

.rodata         0x0000000008006340      0x14c
                0x0000000008006340                . = ALIGN (0x4)
 *(.rodata)
 .rodata        0x0000000008006340       0x1e ./Core/Src/main.o
 *fill*         0x000000000800635e        0x2 
 .rodata        0x0000000008006360       0x20 ./Drivers/STM32F0xx_HAL_Driver/Src/stm32f0xx_hal_rcc.o
 .rodata        0x0000000008006380       0x44 ./Middlewares/Third_Party/FatFs/src/ff.o
 *(.rodata*)
 .rodata.SD_disk_ioctl
                0x00000000080063c4       0x38 ./Core/Src/fatfs_sd.o
 .rodata.AHBPrescTable
                0x00000000080063fc       0x10 ./Core/Src/system_stm32f0xx.o
                0x00000000080063fc                AHBPrescTable
 .rodata.ExCvt  0x000000000800640c       0x80 ./Middlewares/Third_Party/FatFs/src/ff.o
                0x000000000800648c                . = ALIGN (0x4)

.rel.dyn        0x000000000800648c        0x0
 .rel.iplt      0x000000000800648c        0x0 c:/st/stm32cubeide_1.10.1/stm32cubeide/plugins/com.st.stm32cube.ide.mcu.externaltools.gnu-tools-for-stm32.10.3-2021.10.win32_1.0.0.202111181127/tools/bin/../lib/gcc/arm-none-eabi/10.3.1/thumb/v6-m/nofp/crtbegin.o

.ARM.extab      0x000000000800648c        0x0
                0x000000000800648c                . = ALIGN (0x4)
 *(.ARM.extab* .gnu.linkonce.armextab.*)
                0x000000000800648c                . = ALIGN (0x4)

.ARM            0x000000000800648c        0x0
                0x000000000800648c                . = ALIGN (0x4)
                0x000000000800648c                __exidx_start = .
 *(.ARM.exidx*)
                0x000000000800648c                __exidx_end = .
                0x000000000800648c                . = ALIGN (0x4)

.preinit_array  0x000000000800648c        0x0
                0x000000000800648c                . = ALIGN (0x4)
                0x000000000800648c                PROVIDE (__preinit_array_start = .)
 *(.preinit_array*)
                0x000000000800648c                PROVIDE (__preinit_array_end = .)
                0x000000000800648c                . = ALIGN (0x4)

.init_array     0x000000000800648c        0x4
                0x000000000800648c                . = ALIGN (0x4)
                0x000000000800648c                PROVIDE (__init_array_start = .)
 *(SORT_BY_NAME(.init_array.*))
 *(.init_array*)
 .init_array    0x000000000800648c        0x4 c:/st/stm32cubeide_1.10.1/stm32cubeide/plugins/com.st.stm32cube.ide.mcu.externaltools.gnu-tools-for-stm32.10.3-2021.10.win32_1.0.0.202111181127/tools/bin/../lib/gcc/arm-none-eabi/10.3.1/thumb/v6-m/nofp/crtbegin.o
                0x0000000008006490                PROVIDE (__init_array_end = .)
                0x0000000008006490                . = ALIGN (0x4)

.fini_array     0x0000000008006490        0x4
                0x0000000008006490                . = ALIGN (0x4)
                [!provide]                        PROVIDE (__fini_array_start = .)
 *(SORT_BY_NAME(.fini_array.*))
 *(.fini_array*)
 .fini_array    0x0000000008006490        0x4 c:/st/stm32cubeide_1.10.1/stm32cubeide/plugins/com.st.stm32cube.ide.mcu.externaltools.gnu-tools-for-stm32.10.3-2021.10.win32_1.0.0.202111181127/tools/bin/../lib/gcc/arm-none-eabi/10.3.1/thumb/v6-m/nofp/crtbegin.o
                [!provide]                        PROVIDE (__fini_array_end = .)
                0x0000000008006494                . = ALIGN (0x4)
                0x0000000008006494                _sidata = LOADADDR (.data)

.data           0x0000000020000000       0x24 load address 0x0000000008006494
                0x0000000020000000                . = ALIGN (0x4)
                0x0000000020000000                _sdata = .
 *(.data)
 *(.data*)
 .data.Stat     0x0000000020000000        0x1 ./Core/Src/fatfs_sd.o
 *fill*         0x0000000020000001        0x3 
 .data.SystemCoreClock
                0x0000000020000004        0x4 ./Core/Src/system_stm32f0xx.o
                0x0000000020000004                SystemCoreClock
 .data.uwTickPrio
                0x0000000020000008        0x4 ./Drivers/STM32F0xx_HAL_Driver/Src/stm32f0xx_hal.o
                0x0000000020000008                uwTickPrio
 .data.uwTickFreq
                0x000000002000000c        0x1 ./Drivers/STM32F0xx_HAL_Driver/Src/stm32f0xx_hal.o
                0x000000002000000c                uwTickFreq
 *fill*         0x000000002000000d        0x3 
 .data.USER_Driver
                0x0000000020000010       0x14 ./FATFS/Target/user_diskio.o
                0x0000000020000010                USER_Driver
 *(.RamFunc)
 *(.RamFunc*)
                0x0000000020000024                . = ALIGN (0x4)
                0x0000000020000024                _edata = .

.igot.plt       0x0000000020000024        0x0 load address 0x00000000080064b8
 .igot.plt      0x0000000020000024        0x0 c:/st/stm32cubeide_1.10.1/stm32cubeide/plugins/com.st.stm32cube.ide.mcu.externaltools.gnu-tools-for-stm32.10.3-2021.10.win32_1.0.0.202111181127/tools/bin/../lib/gcc/arm-none-eabi/10.3.1/thumb/v6-m/nofp/crtbegin.o
                0x0000000020000024                . = ALIGN (0x4)

.bss            0x0000000020000024      0x564 load address 0x00000000080064b8
                0x0000000020000024                _sbss = .
                0x0000000020000024                __bss_start__ = _sbss
 *(.bss)
 .bss           0x0000000020000024       0x1c c:/st/stm32cubeide_1.10.1/stm32cubeide/plugins/com.st.stm32cube.ide.mcu.externaltools.gnu-tools-for-stm32.10.3-2021.10.win32_1.0.0.202111181127/tools/bin/../lib/gcc/arm-none-eabi/10.3.1/thumb/v6-m/nofp/crtbegin.o
 *(.bss*)
 .bss.CardType  0x0000000020000040        0x1 ./Core/Src/fatfs_sd.o
 .bss.PowerFlag
                0x0000000020000041        0x1 ./Core/Src/fatfs_sd.o
 *fill*         0x0000000020000042        0x2 
 .bss.hrtc      0x0000000020000044       0x20 ./Core/Src/main.o
                0x0000000020000044                hrtc
 .bss.hspi1     0x0000000020000064       0x64 ./Core/Src/main.o
                0x0000000020000064                hspi1
 .bss.time      0x00000000200000c8        0x1 ./Core/Src/main.o
                0x00000000200000c8                time
 *fill*         0x00000000200000c9        0x3 
 .bss.data      0x00000000200000cc        0x2 ./Core/Src/main.o
                0x00000000200000cc                data
 *fill*         0x00000000200000ce        0x2 
 .bss.sTime     0x00000000200000d0       0x14 ./Core/Src/main.o
                0x00000000200000d0                sTime
 .bss.sDate     0x00000000200000e4        0x4 ./Core/Src/main.o
                0x00000000200000e4                sDate
 .bss.fs        0x00000000200000e8      0x230 ./Core/Src/main.o
                0x00000000200000e8                fs
 .bss.fil       0x0000000020000318      0x22c ./Core/Src/main.o
                0x0000000020000318                fil
 .bss.fresult   0x0000000020000544        0x1 ./Core/Src/main.o
                0x0000000020000544                fresult
 *fill*         0x0000000020000545        0x3 
 .bss.bw        0x0000000020000548        0x4 ./Core/Src/main.o
                0x0000000020000548                bw
 .bss.FatFsCnt  0x000000002000054c        0x1 ./Core/Src/stm32f0xx_it.o
                0x000000002000054c                FatFsCnt
 .bss.Timer1    0x000000002000054d        0x1 ./Core/Src/stm32f0xx_it.o
                0x000000002000054d                Timer1
 .bss.Timer2    0x000000002000054e        0x1 ./Core/Src/stm32f0xx_it.o
                0x000000002000054e                Timer2
 *fill*         0x000000002000054f        0x1 
 .bss.uwTick    0x0000000020000550        0x4 ./Drivers/STM32F0xx_HAL_Driver/Src/stm32f0xx_hal.o
                0x0000000020000550                uwTick
 .bss.retUSER   0x0000000020000554        0x1 ./FATFS/App/fatfs.o
                0x0000000020000554                retUSER
 *fill*         0x0000000020000555        0x3 
 .bss.USERPath  0x0000000020000558        0x4 ./FATFS/App/fatfs.o
                0x0000000020000558                USERPath
 .bss.FatFs     0x000000002000055c        0x4 ./Middlewares/Third_Party/FatFs/src/ff.o
 .bss.Fsid      0x0000000020000560        0x2 ./Middlewares/Third_Party/FatFs/src/ff.o
 *fill*         0x0000000020000562        0x2 
 .bss.Files     0x0000000020000564       0x18 ./Middlewares/Third_Party/FatFs/src/ff.o
 .bss.disk      0x000000002000057c        0xc ./Middlewares/Third_Party/FatFs/src/ff_gen_drv.o
                0x000000002000057c                disk
 *(COMMON)
                0x0000000020000588                . = ALIGN (0x4)
                0x0000000020000588                _ebss = .
                0x0000000020000588                __bss_end__ = _ebss

._user_heap_stack
                0x0000000020000588      0x600 load address 0x00000000080064b8
                0x0000000020000588                . = ALIGN (0x8)
                [!provide]                        PROVIDE (end = .)
                0x0000000020000588                PROVIDE (_end = .)
                0x0000000020000788                . = (. + _Min_Heap_Size)
 *fill*         0x0000000020000588      0x200 
                0x0000000020000b88                . = (. + _Min_Stack_Size)
 *fill*         0x0000000020000788      0x400 
                0x0000000020000b88                . = ALIGN (0x8)

/DISCARD/
 libc.a(*)
 libm.a(*)
 libgcc.a(*)

.ARM.attributes
                0x0000000000000000       0x28
 *(.ARM.attributes)
 .ARM.attributes
                0x0000000000000000       0x1e c:/st/stm32cubeide_1.10.1/stm32cubeide/plugins/com.st.stm32cube.ide.mcu.externaltools.gnu-tools-for-stm32.10.3-2021.10.win32_1.0.0.202111181127/tools/bin/../lib/gcc/arm-none-eabi/10.3.1/thumb/v6-m/nofp/crti.o
 .ARM.attributes
                0x000000000000001e       0x2c c:/st/stm32cubeide_1.10.1/stm32cubeide/plugins/com.st.stm32cube.ide.mcu.externaltools.gnu-tools-for-stm32.10.3-2021.10.win32_1.0.0.202111181127/tools/bin/../lib/gcc/arm-none-eabi/10.3.1/thumb/v6-m/nofp/crtbegin.o
 .ARM.attributes
                0x000000000000004a       0x2c ./Core/Src/fatfs_sd.o
 .ARM.attributes
                0x0000000000000076       0x2c ./Core/Src/main.o
 .ARM.attributes
                0x00000000000000a2       0x2c ./Core/Src/stm32f0xx_hal_msp.o
 .ARM.attributes
                0x00000000000000ce       0x2c ./Core/Src/stm32f0xx_it.o
 .ARM.attributes
                0x00000000000000fa       0x2c ./Core/Src/system_stm32f0xx.o
 .ARM.attributes
                0x0000000000000126       0x21 ./Core/Startup/startup_stm32f051r8tx.o
 .ARM.attributes
                0x0000000000000147       0x2c ./Drivers/STM32F0xx_HAL_Driver/Src/stm32f0xx_hal.o
 .ARM.attributes
                0x0000000000000173       0x2c ./Drivers/STM32F0xx_HAL_Driver/Src/stm32f0xx_hal_cortex.o
 .ARM.attributes
                0x000000000000019f       0x2c ./Drivers/STM32F0xx_HAL_Driver/Src/stm32f0xx_hal_gpio.o
 .ARM.attributes
                0x00000000000001cb       0x2c ./Drivers/STM32F0xx_HAL_Driver/Src/stm32f0xx_hal_rcc.o
 .ARM.attributes
                0x00000000000001f7       0x2c ./Drivers/STM32F0xx_HAL_Driver/Src/stm32f0xx_hal_rcc_ex.o
 .ARM.attributes
                0x0000000000000223       0x2c ./Drivers/STM32F0xx_HAL_Driver/Src/stm32f0xx_hal_rtc.o
 .ARM.attributes
                0x000000000000024f       0x2c ./Drivers/STM32F0xx_HAL_Driver/Src/stm32f0xx_hal_spi.o
 .ARM.attributes
                0x000000000000027b       0x2c ./FATFS/App/fatfs.o
 .ARM.attributes
                0x00000000000002a7       0x2c ./FATFS/Target/user_diskio.o
 .ARM.attributes
                0x00000000000002d3       0x2c ./Middlewares/Third_Party/FatFs/src/diskio.o
 .ARM.attributes
                0x00000000000002ff       0x2c ./Middlewares/Third_Party/FatFs/src/ff.o
 .ARM.attributes
                0x000000000000032b       0x2c ./Middlewares/Third_Party/FatFs/src/ff_gen_drv.o
 .ARM.attributes
                0x0000000000000357       0x2c c:/st/stm32cubeide_1.10.1/stm32cubeide/plugins/com.st.stm32cube.ide.mcu.externaltools.gnu-tools-for-stm32.10.3-2021.10.win32_1.0.0.202111181127/tools/bin/../lib/gcc/arm-none-eabi/10.3.1/../../../../arm-none-eabi/lib/thumb/v6-m/nofp\libc_nano.a(lib_a-init.o)
 .ARM.attributes
                0x0000000000000383       0x2c c:/st/stm32cubeide_1.10.1/stm32cubeide/plugins/com.st.stm32cube.ide.mcu.externaltools.gnu-tools-for-stm32.10.3-2021.10.win32_1.0.0.202111181127/tools/bin/../lib/gcc/arm-none-eabi/10.3.1/../../../../arm-none-eabi/lib/thumb/v6-m/nofp\libc_nano.a(lib_a-memset.o)
 .ARM.attributes
                0x00000000000003af       0x1e c:/st/stm32cubeide_1.10.1/stm32cubeide/plugins/com.st.stm32cube.ide.mcu.externaltools.gnu-tools-for-stm32.10.3-2021.10.win32_1.0.0.202111181127/tools/bin/../lib/gcc/arm-none-eabi/10.3.1/thumb/v6-m/nofp\libgcc.a(_udivsi3.o)
 .ARM.attributes
                0x00000000000003cd       0x1e c:/st/stm32cubeide_1.10.1/stm32cubeide/plugins/com.st.stm32cube.ide.mcu.externaltools.gnu-tools-for-stm32.10.3-2021.10.win32_1.0.0.202111181127/tools/bin/../lib/gcc/arm-none-eabi/10.3.1/thumb/v6-m/nofp\libgcc.a(_dvmd_tls.o)
 .ARM.attributes
                0x00000000000003eb       0x1e c:/st/stm32cubeide_1.10.1/stm32cubeide/plugins/com.st.stm32cube.ide.mcu.externaltools.gnu-tools-for-stm32.10.3-2021.10.win32_1.0.0.202111181127/tools/bin/../lib/gcc/arm-none-eabi/10.3.1/thumb/v6-m/nofp/crtn.o
OUTPUT(sdCard_excel.elf elf32-littlearm)
LOAD linker stubs
LOAD c:/st/stm32cubeide_1.10.1/stm32cubeide/plugins/com.st.stm32cube.ide.mcu.externaltools.gnu-tools-for-stm32.10.3-2021.10.win32_1.0.0.202111181127/tools/bin/../lib/gcc/arm-none-eabi/10.3.1/../../../../arm-none-eabi/lib/thumb/v6-m/nofp\libc.a
LOAD c:/st/stm32cubeide_1.10.1/stm32cubeide/plugins/com.st.stm32cube.ide.mcu.externaltools.gnu-tools-for-stm32.10.3-2021.10.win32_1.0.0.202111181127/tools/bin/../lib/gcc/arm-none-eabi/10.3.1/../../../../arm-none-eabi/lib/thumb/v6-m/nofp\libm.a
LOAD c:/st/stm32cubeide_1.10.1/stm32cubeide/plugins/com.st.stm32cube.ide.mcu.externaltools.gnu-tools-for-stm32.10.3-2021.10.win32_1.0.0.202111181127/tools/bin/../lib/gcc/arm-none-eabi/10.3.1/thumb/v6-m/nofp\libgcc.a

.debug_info     0x0000000000000000     0xa6e4
 .debug_info    0x0000000000000000      0xcab ./Core/Src/fatfs_sd.o
 .debug_info    0x0000000000000cab     0x1444 ./Core/Src/main.o
 .debug_info    0x00000000000020ef      0xb62 ./Core/Src/stm32f0xx_hal_msp.o
 .debug_info    0x0000000000002c51      0x13f ./Core/Src/stm32f0xx_it.o
 .debug_info    0x0000000000002d90      0x269 ./Core/Src/system_stm32f0xx.o
 .debug_info    0x0000000000002ff9       0x22 ./Core/Startup/startup_stm32f051r8tx.o
 .debug_info    0x000000000000301b      0x6de ./Drivers/STM32F0xx_HAL_Driver/Src/stm32f0xx_hal.o
 .debug_info    0x00000000000036f9      0x711 ./Drivers/STM32F0xx_HAL_Driver/Src/stm32f0xx_hal_cortex.o
 .debug_info    0x0000000000003e0a      0x621 ./Drivers/STM32F0xx_HAL_Driver/Src/stm32f0xx_hal_gpio.o
 .debug_info    0x000000000000442b      0x89f ./Drivers/STM32F0xx_HAL_Driver/Src/stm32f0xx_hal_rcc.o
 .debug_info    0x0000000000004cca      0x389 ./Drivers/STM32F0xx_HAL_Driver/Src/stm32f0xx_hal_rcc_ex.o
 .debug_info    0x0000000000005053      0xb91 ./Drivers/STM32F0xx_HAL_Driver/Src/stm32f0xx_hal_rtc.o
 .debug_info    0x0000000000005be4     0x1777 ./Drivers/STM32F0xx_HAL_Driver/Src/stm32f0xx_hal_spi.o
 .debug_info    0x000000000000735b      0x51e ./FATFS/App/fatfs.o
 .debug_info    0x0000000000007879      0x3dc ./FATFS/Target/user_diskio.o
 .debug_info    0x0000000000007c55      0x40d ./Middlewares/Third_Party/FatFs/src/diskio.o
 .debug_info    0x0000000000008062     0x22de ./Middlewares/Third_Party/FatFs/src/ff.o
 .debug_info    0x000000000000a340      0x3a4 ./Middlewares/Third_Party/FatFs/src/ff_gen_drv.o

.debug_abbrev   0x0000000000000000     0x2092
 .debug_abbrev  0x0000000000000000      0x2b1 ./Core/Src/fatfs_sd.o
 .debug_abbrev  0x00000000000002b1      0x322 ./Core/Src/main.o
 .debug_abbrev  0x00000000000005d3      0x1b0 ./Core/Src/stm32f0xx_hal_msp.o
 .debug_abbrev  0x0000000000000783       0x9d ./Core/Src/stm32f0xx_it.o
 .debug_abbrev  0x0000000000000820      0x116 ./Core/Src/system_stm32f0xx.o
 .debug_abbrev  0x0000000000000936       0x12 ./Core/Startup/startup_stm32f051r8tx.o
 .debug_abbrev  0x0000000000000948      0x23f ./Drivers/STM32F0xx_HAL_Driver/Src/stm32f0xx_hal.o
 .debug_abbrev  0x0000000000000b87      0x283 ./Drivers/STM32F0xx_HAL_Driver/Src/stm32f0xx_hal_cortex.o
 .debug_abbrev  0x0000000000000e0a      0x1bb ./Drivers/STM32F0xx_HAL_Driver/Src/stm32f0xx_hal_gpio.o
 .debug_abbrev  0x0000000000000fc5      0x283 ./Drivers/STM32F0xx_HAL_Driver/Src/stm32f0xx_hal_rcc.o
 .debug_abbrev  0x0000000000001248      0x169 ./Drivers/STM32F0xx_HAL_Driver/Src/stm32f0xx_hal_rcc_ex.o
 .debug_abbrev  0x00000000000013b1      0x1cb ./Drivers/STM32F0xx_HAL_Driver/Src/stm32f0xx_hal_rtc.o
 .debug_abbrev  0x000000000000157c      0x254 ./Drivers/STM32F0xx_HAL_Driver/Src/stm32f0xx_hal_spi.o
 .debug_abbrev  0x00000000000017d0      0x19a ./FATFS/App/fatfs.o
 .debug_abbrev  0x000000000000196a      0x155 ./FATFS/Target/user_diskio.o
 .debug_abbrev  0x0000000000001abf      0x178 ./Middlewares/Third_Party/FatFs/src/diskio.o
 .debug_abbrev  0x0000000000001c37      0x2c5 ./Middlewares/Third_Party/FatFs/src/ff.o
 .debug_abbrev  0x0000000000001efc      0x196 ./Middlewares/Third_Party/FatFs/src/ff_gen_drv.o

.debug_aranges  0x0000000000000000      0x9e8
 .debug_aranges
                0x0000000000000000       0xa0 ./Core/Src/fatfs_sd.o
 .debug_aranges
                0x00000000000000a0       0x48 ./Core/Src/main.o
 .debug_aranges
                0x00000000000000e8       0x40 ./Core/Src/stm32f0xx_hal_msp.o
 .debug_aranges
                0x0000000000000128       0x48 ./Core/Src/stm32f0xx_it.o
 .debug_aranges
                0x0000000000000170       0x28 ./Core/Src/system_stm32f0xx.o
 .debug_aranges
                0x0000000000000198       0x28 ./Core/Startup/startup_stm32f051r8tx.o
 .debug_aranges
                0x00000000000001c0       0xd0 ./Drivers/STM32F0xx_HAL_Driver/Src/stm32f0xx_hal.o
 .debug_aranges
                0x0000000000000290       0xc0 ./Drivers/STM32F0xx_HAL_Driver/Src/stm32f0xx_hal_cortex.o
 .debug_aranges
                0x0000000000000350       0x58 ./Drivers/STM32F0xx_HAL_Driver/Src/stm32f0xx_hal_gpio.o
 .debug_aranges
                0x00000000000003a8       0x80 ./Drivers/STM32F0xx_HAL_Driver/Src/stm32f0xx_hal_rcc.o
 .debug_aranges
                0x0000000000000428       0x30 ./Drivers/STM32F0xx_HAL_Driver/Src/stm32f0xx_hal_rcc_ex.o
 .debug_aranges
                0x0000000000000458       0xe0 ./Drivers/STM32F0xx_HAL_Driver/Src/stm32f0xx_hal_rtc.o
 .debug_aranges
                0x0000000000000538      0x1d8 ./Drivers/STM32F0xx_HAL_Driver/Src/stm32f0xx_hal_spi.o
 .debug_aranges
                0x0000000000000710       0x28 ./FATFS/App/fatfs.o
 .debug_aranges
                0x0000000000000738       0x40 ./FATFS/Target/user_diskio.o
 .debug_aranges
                0x0000000000000778       0x48 ./Middlewares/Third_Party/FatFs/src/diskio.o
 .debug_aranges
                0x00000000000007c0      0x1e8 ./Middlewares/Third_Party/FatFs/src/ff.o
 .debug_aranges
                0x00000000000009a8       0x40 ./Middlewares/Third_Party/FatFs/src/ff_gen_drv.o

.debug_ranges   0x0000000000000000      0x8d0
 .debug_ranges  0x0000000000000000       0x90 ./Core/Src/fatfs_sd.o
 .debug_ranges  0x0000000000000090       0x38 ./Core/Src/main.o
 .debug_ranges  0x00000000000000c8       0x30 ./Core/Src/stm32f0xx_hal_msp.o
 .debug_ranges  0x00000000000000f8       0x38 ./Core/Src/stm32f0xx_it.o
 .debug_ranges  0x0000000000000130       0x18 ./Core/Src/system_stm32f0xx.o
 .debug_ranges  0x0000000000000148       0x20 ./Core/Startup/startup_stm32f051r8tx.o
 .debug_ranges  0x0000000000000168       0xc0 ./Drivers/STM32F0xx_HAL_Driver/Src/stm32f0xx_hal.o
 .debug_ranges  0x0000000000000228       0xb0 ./Drivers/STM32F0xx_HAL_Driver/Src/stm32f0xx_hal_cortex.o
 .debug_ranges  0x00000000000002d8       0x48 ./Drivers/STM32F0xx_HAL_Driver/Src/stm32f0xx_hal_gpio.o
 .debug_ranges  0x0000000000000320       0x70 ./Drivers/STM32F0xx_HAL_Driver/Src/stm32f0xx_hal_rcc.o
 .debug_ranges  0x0000000000000390       0x20 ./Drivers/STM32F0xx_HAL_Driver/Src/stm32f0xx_hal_rcc_ex.o
 .debug_ranges  0x00000000000003b0       0xd0 ./Drivers/STM32F0xx_HAL_Driver/Src/stm32f0xx_hal_rtc.o
 .debug_ranges  0x0000000000000480      0x1c8 ./Drivers/STM32F0xx_HAL_Driver/Src/stm32f0xx_hal_spi.o
 .debug_ranges  0x0000000000000648       0x18 ./FATFS/App/fatfs.o
 .debug_ranges  0x0000000000000660       0x30 ./FATFS/Target/user_diskio.o
 .debug_ranges  0x0000000000000690       0x38 ./Middlewares/Third_Party/FatFs/src/diskio.o
 .debug_ranges  0x00000000000006c8      0x1d8 ./Middlewares/Third_Party/FatFs/src/ff.o
 .debug_ranges  0x00000000000008a0       0x30 ./Middlewares/Third_Party/FatFs/src/ff_gen_drv.o

.debug_macro    0x0000000000000000    0x131d1
 .debug_macro   0x0000000000000000      0x207 ./Core/Src/fatfs_sd.o
 .debug_macro   0x0000000000000207      0xa4e ./Core/Src/fatfs_sd.o
 .debug_macro   0x0000000000000c55      0x133 ./Core/Src/fatfs_sd.o
 .debug_macro   0x0000000000000d88       0x2e ./Core/Src/fatfs_sd.o
 .debug_macro   0x0000000000000db6       0x22 ./Core/Src/fatfs_sd.o
 .debug_macro   0x0000000000000dd8       0x22 ./Core/Src/fatfs_sd.o
 .debug_macro   0x0000000000000dfa       0x8e ./Core/Src/fatfs_sd.o
 .debug_macro   0x0000000000000e88       0x51 ./Core/Src/fatfs_sd.o
 .debug_macro   0x0000000000000ed9      0x103 ./Core/Src/fatfs_sd.o
 .debug_macro   0x0000000000000fdc       0x6a ./Core/Src/fatfs_sd.o
 .debug_macro   0x0000000000001046      0x1df ./Core/Src/fatfs_sd.o
 .debug_macro   0x0000000000001225       0x1c ./Core/Src/fatfs_sd.o
 .debug_macro   0x0000000000001241       0x22 ./Core/Src/fatfs_sd.o
 .debug_macro   0x0000000000001263       0xaf ./Core/Src/fatfs_sd.o
 .debug_macro   0x0000000000001312      0x391 ./Core/Src/fatfs_sd.o
 .debug_macro   0x00000000000016a3     0x8ce4 ./Core/Src/fatfs_sd.o
 .debug_macro   0x000000000000a387       0x66 ./Core/Src/fatfs_sd.o
 .debug_macro   0x000000000000a3ed     0x34a6 ./Core/Src/fatfs_sd.o
 .debug_macro   0x000000000000d893      0x174 ./Core/Src/fatfs_sd.o
 .debug_macro   0x000000000000da07       0x55 ./Core/Src/fatfs_sd.o
 .debug_macro   0x000000000000da5c      0x924 ./Core/Src/fatfs_sd.o
 .debug_macro   0x000000000000e380      0x251 ./Core/Src/fatfs_sd.o
 .debug_macro   0x000000000000e5d1      0x1af ./Core/Src/fatfs_sd.o
 .debug_macro   0x000000000000e780      0x114 ./Core/Src/fatfs_sd.o
 .debug_macro   0x000000000000e894      0x1a0 ./Core/Src/fatfs_sd.o
 .debug_macro   0x000000000000ea34      0x1ed ./Core/Src/fatfs_sd.o
 .debug_macro   0x000000000000ec21       0x34 ./Core/Src/fatfs_sd.o
 .debug_macro   0x000000000000ec55       0x43 ./Core/Src/fatfs_sd.o
 .debug_macro   0x000000000000ec98       0x28 ./Core/Src/fatfs_sd.o
 .debug_macro   0x000000000000ecc0       0xb0 ./Core/Src/fatfs_sd.o
 .debug_macro   0x000000000000ed70      0x199 ./Core/Src/fatfs_sd.o
 .debug_macro   0x000000000000ef09      0x22c ./Core/Src/fatfs_sd.o
 .debug_macro   0x000000000000f135       0x61 ./Core/Src/fatfs_sd.o
 .debug_macro   0x000000000000f196       0xa5 ./Core/Src/fatfs_sd.o
 .debug_macro   0x000000000000f23b       0x4c ./Core/Src/fatfs_sd.o
 .debug_macro   0x000000000000f287      0x112 ./Core/Src/fatfs_sd.o
 .debug_macro   0x000000000000f399      0x2e2 ./Core/Src/fatfs_sd.o
 .debug_macro   0x000000000000f67b      0x2ca ./Core/Src/fatfs_sd.o
 .debug_macro   0x000000000000f945       0xdd ./Core/Src/fatfs_sd.o
 .debug_macro   0x000000000000fa22      0x2fe ./Core/Src/fatfs_sd.o
 .debug_macro   0x000000000000fd20      0x114 ./Core/Src/fatfs_sd.o
 .debug_macro   0x000000000000fe34       0x16 ./Core/Src/fatfs_sd.o
 .debug_macro   0x000000000000fe4a       0x7c ./Core/Src/fatfs_sd.o
 .debug_macro   0x000000000000fec6       0x6a ./Core/Src/fatfs_sd.o
 .debug_macro   0x000000000000ff30      0x3bc ./Core/Src/main.o
 .debug_macro   0x00000000000102ec       0x40 ./Core/Src/main.o
 .debug_macro   0x000000000001032c       0xde ./Core/Src/main.o
 .debug_macro   0x000000000001040a       0xf5 ./Core/Src/main.o
 .debug_macro   0x00000000000104ff       0x8e ./Core/Src/main.o
 .debug_macro   0x000000000001058d       0x52 ./Core/Src/main.o
 .debug_macro   0x00000000000105df       0x18 ./Core/Src/main.o
 .debug_macro   0x00000000000105f7       0x3c ./Core/Src/main.o
 .debug_macro   0x0000000000010633       0x34 ./Core/Src/main.o
 .debug_macro   0x0000000000010667       0x16 ./Core/Src/main.o
 .debug_macro   0x000000000001067d       0x35 ./Core/Src/main.o
 .debug_macro   0x00000000000106b2      0x341 ./Core/Src/main.o
 .debug_macro   0x00000000000109f3       0x10 ./Core/Src/main.o
 .debug_macro   0x0000000000010a03       0x16 ./Core/Src/main.o
 .debug_macro   0x0000000000010a19       0x43 ./Core/Src/main.o
 .debug_macro   0x0000000000010a5c       0x34 ./Core/Src/main.o
 .debug_macro   0x0000000000010a90       0x10 ./Core/Src/main.o
 .debug_macro   0x0000000000010aa0       0x58 ./Core/Src/main.o
 .debug_macro   0x0000000000010af8       0x71 ./Core/Src/main.o
 .debug_macro   0x0000000000010b69       0x1c ./Core/Src/main.o
 .debug_macro   0x0000000000010b85      0x12a ./Core/Src/main.o
 .debug_macro   0x0000000000010caf       0x10 ./Core/Src/main.o
 .debug_macro   0x0000000000010cbf       0x1c ./Core/Src/main.o
 .debug_macro   0x0000000000010cdb       0x52 ./Core/Src/main.o
 .debug_macro   0x0000000000010d2d       0x22 ./Core/Src/main.o
 .debug_macro   0x0000000000010d4f       0x10 ./Core/Src/main.o
 .debug_macro   0x0000000000010d5f       0x52 ./Core/Src/main.o
 .debug_macro   0x0000000000010db1       0xd5 ./Core/Src/main.o
 .debug_macro   0x0000000000010e86       0x1c ./Core/Src/main.o
 .debug_macro   0x0000000000010ea2       0x3d ./Core/Src/main.o
 .debug_macro   0x0000000000010edf       0x16 ./Core/Src/main.o
 .debug_macro   0x0000000000010ef5      0x145 ./Core/Src/main.o
 .debug_macro   0x000000000001103a       0x16 ./Core/Src/main.o
 .debug_macro   0x0000000000011050       0x20 ./Core/Src/main.o
 .debug_macro   0x0000000000011070      0x1d7 ./Core/Src/stm32f0xx_hal_msp.o
 .debug_macro   0x0000000000011247      0x1e1 ./Core/Src/stm32f0xx_it.o
 .debug_macro   0x0000000000011428      0x1c8 ./Core/Src/system_stm32f0xx.o
 .debug_macro   0x00000000000115f0      0x1ec ./Drivers/STM32F0xx_HAL_Driver/Src/stm32f0xx_hal.o
 .debug_macro   0x00000000000117dc      0x1c8 ./Drivers/STM32F0xx_HAL_Driver/Src/stm32f0xx_hal_cortex.o
 .debug_macro   0x00000000000119a4      0x1cf ./Drivers/STM32F0xx_HAL_Driver/Src/stm32f0xx_hal_gpio.o
 .debug_macro   0x0000000000011b73      0x1da ./Drivers/STM32F0xx_HAL_Driver/Src/stm32f0xx_hal_rcc.o
 .debug_macro   0x0000000000011d4d      0x1c8 ./Drivers/STM32F0xx_HAL_Driver/Src/stm32f0xx_hal_rcc_ex.o
 .debug_macro   0x0000000000011f15      0x1c8 ./Drivers/STM32F0xx_HAL_Driver/Src/stm32f0xx_hal_rtc.o
 .debug_macro   0x00000000000120dd      0x1d0 ./Drivers/STM32F0xx_HAL_Driver/Src/stm32f0xx_hal_spi.o
 .debug_macro   0x00000000000122ad      0x22a ./FATFS/App/fatfs.o
 .debug_macro   0x00000000000124d7       0xd8 ./FATFS/App/fatfs.o
 .debug_macro   0x00000000000125af      0x2df ./FATFS/Target/user_diskio.o
 .debug_macro   0x000000000001288e       0x10 ./FATFS/Target/user_diskio.o
 .debug_macro   0x000000000001289e       0x4f ./FATFS/Target/user_diskio.o
 .debug_macro   0x00000000000128ed      0x217 ./Middlewares/Third_Party/FatFs/src/diskio.o
 .debug_macro   0x0000000000012b04      0x45e ./Middlewares/Third_Party/FatFs/src/ff.o
 .debug_macro   0x0000000000012f62       0x58 ./Middlewares/Third_Party/FatFs/src/ff.o
 .debug_macro   0x0000000000012fba      0x217 ./Middlewares/Third_Party/FatFs/src/ff_gen_drv.o

.debug_line     0x0000000000000000     0xe263
 .debug_line    0x0000000000000000      0xd8d ./Core/Src/fatfs_sd.o
 .debug_line    0x0000000000000d8d      0xb50 ./Core/Src/main.o
 .debug_line    0x00000000000018dd      0x75a ./Core/Src/stm32f0xx_hal_msp.o
 .debug_line    0x0000000000002037      0x76f ./Core/Src/stm32f0xx_it.o
 .debug_line    0x00000000000027a6      0x745 ./Core/Src/system_stm32f0xx.o
 .debug_line    0x0000000000002eeb       0x89 ./Core/Startup/startup_stm32f051r8tx.o
 .debug_line    0x0000000000002f74      0x950 ./Drivers/STM32F0xx_HAL_Driver/Src/stm32f0xx_hal.o
 .debug_line    0x00000000000038c4      0x9fc ./Drivers/STM32F0xx_HAL_Driver/Src/stm32f0xx_hal_cortex.o
 .debug_line    0x00000000000042c0      0xacd ./Drivers/STM32F0xx_HAL_Driver/Src/stm32f0xx_hal_gpio.o
 .debug_line    0x0000000000004d8d      0xd3c ./Drivers/STM32F0xx_HAL_Driver/Src/stm32f0xx_hal_rcc.o
 .debug_line    0x0000000000005ac9      0x8f6 ./Drivers/STM32F0xx_HAL_Driver/Src/stm32f0xx_hal_rcc_ex.o
 .debug_line    0x00000000000063bf     0x1030 ./Drivers/STM32F0xx_HAL_Driver/Src/stm32f0xx_hal_rtc.o
 .debug_line    0x00000000000073ef     0x1ea7 ./Drivers/STM32F0xx_HAL_Driver/Src/stm32f0xx_hal_spi.o
 .debug_line    0x0000000000009296      0x771 ./FATFS/App/fatfs.o
 .debug_line    0x0000000000009a07      0x8f2 ./FATFS/Target/user_diskio.o
 .debug_line    0x000000000000a2f9      0x7e1 ./Middlewares/Third_Party/FatFs/src/diskio.o
 .debug_line    0x000000000000aada     0x2f8b ./Middlewares/Third_Party/FatFs/src/ff.o
 .debug_line    0x000000000000da65      0x7fe ./Middlewares/Third_Party/FatFs/src/ff_gen_drv.o

.debug_str      0x0000000000000000    0x6c7f5
 .debug_str     0x0000000000000000    0x65a96 ./Core/Src/fatfs_sd.o
                                      0x65dc8 (size before relaxing)
 .debug_str     0x0000000000065a96     0x4be7 ./Core/Src/main.o
                                      0x6a7f6 (size before relaxing)
 .debug_str     0x000000000006a67d       0x85 ./Core/Src/stm32f0xx_hal_msp.o
                                      0x65c19 (size before relaxing)
 .debug_str     0x000000000006a702       0x9b ./Core/Src/stm32f0xx_it.o
                                      0x655ff (size before relaxing)
 .debug_str     0x000000000006a79d       0x8b ./Core/Src/system_stm32f0xx.o
                                      0x65573 (size before relaxing)
 .debug_str     0x000000000006a828       0x36 ./Core/Startup/startup_stm32f051r8tx.o
                                         0x76 (size before relaxing)
 .debug_str     0x000000000006a85e      0x4d6 ./Drivers/STM32F0xx_HAL_Driver/Src/stm32f0xx_hal.o
                                      0x65b36 (size before relaxing)
 .debug_str     0x000000000006ad34      0x1aa ./Drivers/STM32F0xx_HAL_Driver/Src/stm32f0xx_hal_cortex.o
                                      0x65927 (size before relaxing)
 .debug_str     0x000000000006aede      0x118 ./Drivers/STM32F0xx_HAL_Driver/Src/stm32f0xx_hal_gpio.o
                                      0x65714 (size before relaxing)
 .debug_str     0x000000000006aff6      0x21a ./Drivers/STM32F0xx_HAL_Driver/Src/stm32f0xx_hal_rcc.o
                                      0x659af (size before relaxing)
 .debug_str     0x000000000006b210       0x97 ./Drivers/STM32F0xx_HAL_Driver/Src/stm32f0xx_hal_rcc_ex.o
                                      0x656ce (size before relaxing)
 .debug_str     0x000000000006b2a7      0x24a ./Drivers/STM32F0xx_HAL_Driver/Src/stm32f0xx_hal_rtc.o
                                      0x65a37 (size before relaxing)
 .debug_str     0x000000000006b4f1      0x56a ./Drivers/STM32F0xx_HAL_Driver/Src/stm32f0xx_hal_spi.o
                                      0x65ee3 (size before relaxing)
 .debug_str     0x000000000006ba5b       0x74 ./FATFS/App/fatfs.o
                                      0x65eaf (size before relaxing)
 .debug_str     0x000000000006bacf       0x5a ./FATFS/Target/user_diskio.o
                                      0x68c35 (size before relaxing)
 .debug_str     0x000000000006bb29       0x52 ./Middlewares/Third_Party/FatFs/src/diskio.o
                                      0x65ddb (size before relaxing)
 .debug_str     0x000000000006bb7b      0xbe9 ./Middlewares/Third_Party/FatFs/src/ff.o
                                      0x66c06 (size before relaxing)
 .debug_str     0x000000000006c764       0x91 ./Middlewares/Third_Party/FatFs/src/ff_gen_drv.o
                                      0x65e2c (size before relaxing)

.comment        0x0000000000000000       0x50
 .comment       0x0000000000000000       0x50 ./Core/Src/fatfs_sd.o
                                         0x51 (size before relaxing)
 .comment       0x0000000000000050       0x51 ./Core/Src/main.o
 .comment       0x0000000000000050       0x51 ./Core/Src/stm32f0xx_hal_msp.o
 .comment       0x0000000000000050       0x51 ./Core/Src/stm32f0xx_it.o
 .comment       0x0000000000000050       0x51 ./Core/Src/system_stm32f0xx.o
 .comment       0x0000000000000050       0x51 ./Drivers/STM32F0xx_HAL_Driver/Src/stm32f0xx_hal.o
 .comment       0x0000000000000050       0x51 ./Drivers/STM32F0xx_HAL_Driver/Src/stm32f0xx_hal_cortex.o
 .comment       0x0000000000000050       0x51 ./Drivers/STM32F0xx_HAL_Driver/Src/stm32f0xx_hal_gpio.o
 .comment       0x0000000000000050       0x51 ./Drivers/STM32F0xx_HAL_Driver/Src/stm32f0xx_hal_rcc.o
 .comment       0x0000000000000050       0x51 ./Drivers/STM32F0xx_HAL_Driver/Src/stm32f0xx_hal_rcc_ex.o
 .comment       0x0000000000000050       0x51 ./Drivers/STM32F0xx_HAL_Driver/Src/stm32f0xx_hal_rtc.o
 .comment       0x0000000000000050       0x51 ./Drivers/STM32F0xx_HAL_Driver/Src/stm32f0xx_hal_spi.o
 .comment       0x0000000000000050       0x51 ./FATFS/App/fatfs.o
 .comment       0x0000000000000050       0x51 ./FATFS/Target/user_diskio.o
 .comment       0x0000000000000050       0x51 ./Middlewares/Third_Party/FatFs/src/diskio.o
 .comment       0x0000000000000050       0x51 ./Middlewares/Third_Party/FatFs/src/ff.o
 .comment       0x0000000000000050       0x51 ./Middlewares/Third_Party/FatFs/src/ff_gen_drv.o

.debug_frame    0x0000000000000000     0x2210
 .debug_frame   0x0000000000000000      0x230 ./Core/Src/fatfs_sd.o
 .debug_frame   0x0000000000000230       0xc8 ./Core/Src/main.o
 .debug_frame   0x00000000000002f8       0xb0 ./Core/Src/stm32f0xx_hal_msp.o
 .debug_frame   0x00000000000003a8       0xb8 ./Core/Src/stm32f0xx_it.o
 .debug_frame   0x0000000000000460       0x4c ./Core/Src/system_stm32f0xx.o
 .debug_frame   0x00000000000004ac      0x2a4 ./Drivers/STM32F0xx_HAL_Driver/Src/stm32f0xx_hal.o
 .debug_frame   0x0000000000000750      0x2a0 ./Drivers/STM32F0xx_HAL_Driver/Src/stm32f0xx_hal_cortex.o
 .debug_frame   0x00000000000009f0      0x110 ./Drivers/STM32F0xx_HAL_Driver/Src/stm32f0xx_hal_gpio.o
 .debug_frame   0x0000000000000b00      0x198 ./Drivers/STM32F0xx_HAL_Driver/Src/stm32f0xx_hal_rcc.o
 .debug_frame   0x0000000000000c98       0x70 ./Drivers/STM32F0xx_HAL_Driver/Src/stm32f0xx_hal_rcc_ex.o
 .debug_frame   0x0000000000000d08      0x330 ./Drivers/STM32F0xx_HAL_Driver/Src/stm32f0xx_hal_rtc.o
 .debug_frame   0x0000000000001038      0x710 ./Drivers/STM32F0xx_HAL_Driver/Src/stm32f0xx_hal_spi.o
 .debug_frame   0x0000000000001748       0x48 ./FATFS/App/fatfs.o
 .debug_frame   0x0000000000001790       0xb0 ./FATFS/Target/user_diskio.o
 .debug_frame   0x0000000000001840       0xdc ./Middlewares/Third_Party/FatFs/src/diskio.o
 .debug_frame   0x000000000000191c      0x7dc ./Middlewares/Third_Party/FatFs/src/ff.o
 .debug_frame   0x00000000000020f8       0xac ./Middlewares/Third_Party/FatFs/src/ff_gen_drv.o
 .debug_frame   0x00000000000021a4       0x2c c:/st/stm32cubeide_1.10.1/stm32cubeide/plugins/com.st.stm32cube.ide.mcu.externaltools.gnu-tools-for-stm32.10.3-2021.10.win32_1.0.0.202111181127/tools/bin/../lib/gcc/arm-none-eabi/10.3.1/../../../../arm-none-eabi/lib/thumb/v6-m/nofp\libc_nano.a(lib_a-init.o)
 .debug_frame   0x00000000000021d0       0x20 c:/st/stm32cubeide_1.10.1/stm32cubeide/plugins/com.st.stm32cube.ide.mcu.externaltools.gnu-tools-for-stm32.10.3-2021.10.win32_1.0.0.202111181127/tools/bin/../lib/gcc/arm-none-eabi/10.3.1/../../../../arm-none-eabi/lib/thumb/v6-m/nofp\libc_nano.a(lib_a-memset.o)
 .debug_frame   0x00000000000021f0       0x20 c:/st/stm32cubeide_1.10.1/stm32cubeide/plugins/com.st.stm32cube.ide.mcu.externaltools.gnu-tools-for-stm32.10.3-2021.10.win32_1.0.0.202111181127/tools/bin/../lib/gcc/arm-none-eabi/10.3.1/thumb/v6-m/nofp\libgcc.a(_udivsi3.o)
