Archive member included to satisfy reference by file (symbol)

c:/st/stm32cubeide_1.10.1/stm32cubeide/plugins/com.st.stm32cube.ide.mcu.externaltools.gnu-tools-for-stm32.10.3-2021.10.win32_1.0.0.202111181127/tools/bin/../lib/gcc/arm-none-eabi/10.3.1/../../../../arm-none-eabi/lib/thumb/v6-m/nofp\libc_nano.a(lib_a-errno.o)
                              ./Core/Src/syscalls.o (__errno)
c:/st/stm32cubeide_1.10.1/stm32cubeide/plugins/com.st.stm32cube.ide.mcu.externaltools.gnu-tools-for-stm32.10.3-2021.10.win32_1.0.0.202111181127/tools/bin/../lib/gcc/arm-none-eabi/10.3.1/../../../../arm-none-eabi/lib/thumb/v6-m/nofp\libc_nano.a(lib_a-exit.o)
                              c:/st/stm32cubeide_1.10.1/stm32cubeide/plugins/com.st.stm32cube.ide.mcu.externaltools.gnu-tools-for-stm32.10.3-2021.10.win32_1.0.0.202111181127/tools/bin/../lib/gcc/arm-none-eabi/10.3.1/../../../../arm-none-eabi/lib/thumb/v6-m/nofp/crt0.o (exit)
c:/st/stm32cubeide_1.10.1/stm32cubeide/plugins/com.st.stm32cube.ide.mcu.externaltools.gnu-tools-for-stm32.10.3-2021.10.win32_1.0.0.202111181127/tools/bin/../lib/gcc/arm-none-eabi/10.3.1/../../../../arm-none-eabi/lib/thumb/v6-m/nofp\libc_nano.a(lib_a-impure.o)
                              c:/st/stm32cubeide_1.10.1/stm32cubeide/plugins/com.st.stm32cube.ide.mcu.externaltools.gnu-tools-for-stm32.10.3-2021.10.win32_1.0.0.202111181127/tools/bin/../lib/gcc/arm-none-eabi/10.3.1/../../../../arm-none-eabi/lib/thumb/v6-m/nofp\libc_nano.a(lib_a-exit.o) (_global_impure_ptr)
c:/st/stm32cubeide_1.10.1/stm32cubeide/plugins/com.st.stm32cube.ide.mcu.externaltools.gnu-tools-for-stm32.10.3-2021.10.win32_1.0.0.202111181127/tools/bin/../lib/gcc/arm-none-eabi/10.3.1/../../../../arm-none-eabi/lib/thumb/v6-m/nofp\libc_nano.a(lib_a-init.o)
                              c:/st/stm32cubeide_1.10.1/stm32cubeide/plugins/com.st.stm32cube.ide.mcu.externaltools.gnu-tools-for-stm32.10.3-2021.10.win32_1.0.0.202111181127/tools/bin/../lib/gcc/arm-none-eabi/10.3.1/../../../../arm-none-eabi/lib/thumb/v6-m/nofp/crt0.o (__libc_init_array)
c:/st/stm32cubeide_1.10.1/stm32cubeide/plugins/com.st.stm32cube.ide.mcu.externaltools.gnu-tools-for-stm32.10.3-2021.10.win32_1.0.0.202111181127/tools/bin/../lib/gcc/arm-none-eabi/10.3.1/../../../../arm-none-eabi/lib/thumb/v6-m/nofp\libc_nano.a(lib_a-memset.o)
                              c:/st/stm32cubeide_1.10.1/stm32cubeide/plugins/com.st.stm32cube.ide.mcu.externaltools.gnu-tools-for-stm32.10.3-2021.10.win32_1.0.0.202111181127/tools/bin/../lib/gcc/arm-none-eabi/10.3.1/../../../../arm-none-eabi/lib/thumb/v6-m/nofp/crt0.o (memset)
c:/st/stm32cubeide_1.10.1/stm32cubeide/plugins/com.st.stm32cube.ide.mcu.externaltools.gnu-tools-for-stm32.10.3-2021.10.win32_1.0.0.202111181127/tools/bin/../lib/gcc/arm-none-eabi/10.3.1/thumb/v6-m/nofp\libgcc.a(_udivsi3.o)
                              ./Core/Src/system_stm32f0xx.o (__aeabi_uidiv)
c:/st/stm32cubeide_1.10.1/stm32cubeide/plugins/com.st.stm32cube.ide.mcu.externaltools.gnu-tools-for-stm32.10.3-2021.10.win32_1.0.0.202111181127/tools/bin/../lib/gcc/arm-none-eabi/10.3.1/thumb/v6-m/nofp\libgcc.a(_dvmd_tls.o)
                              c:/st/stm32cubeide_1.10.1/stm32cubeide/plugins/com.st.stm32cube.ide.mcu.externaltools.gnu-tools-for-stm32.10.3-2021.10.win32_1.0.0.202111181127/tools/bin/../lib/gcc/arm-none-eabi/10.3.1/thumb/v6-m/nofp\libgcc.a(_udivsi3.o) (__aeabi_idiv0)

Discarded input sections

 .text          0x0000000000000000        0x0 c:/st/stm32cubeide_1.10.1/stm32cubeide/plugins/com.st.stm32cube.ide.mcu.externaltools.gnu-tools-for-stm32.10.3-2021.10.win32_1.0.0.202111181127/tools/bin/../lib/gcc/arm-none-eabi/10.3.1/thumb/v6-m/nofp/crti.o
 .data          0x0000000000000000        0x0 c:/st/stm32cubeide_1.10.1/stm32cubeide/plugins/com.st.stm32cube.ide.mcu.externaltools.gnu-tools-for-stm32.10.3-2021.10.win32_1.0.0.202111181127/tools/bin/../lib/gcc/arm-none-eabi/10.3.1/thumb/v6-m/nofp/crti.o
 .bss           0x0000000000000000        0x0 c:/st/stm32cubeide_1.10.1/stm32cubeide/plugins/com.st.stm32cube.ide.mcu.externaltools.gnu-tools-for-stm32.10.3-2021.10.win32_1.0.0.202111181127/tools/bin/../lib/gcc/arm-none-eabi/10.3.1/thumb/v6-m/nofp/crti.o
 .data          0x0000000000000000        0x4 c:/st/stm32cubeide_1.10.1/stm32cubeide/plugins/com.st.stm32cube.ide.mcu.externaltools.gnu-tools-for-stm32.10.3-2021.10.win32_1.0.0.202111181127/tools/bin/../lib/gcc/arm-none-eabi/10.3.1/thumb/v6-m/nofp/crtbegin.o
 .rodata        0x0000000000000000       0x24 c:/st/stm32cubeide_1.10.1/stm32cubeide/plugins/com.st.stm32cube.ide.mcu.externaltools.gnu-tools-for-stm32.10.3-2021.10.win32_1.0.0.202111181127/tools/bin/../lib/gcc/arm-none-eabi/10.3.1/thumb/v6-m/nofp/crtbegin.o
 .text          0x0000000000000000       0x80 c:/st/stm32cubeide_1.10.1/stm32cubeide/plugins/com.st.stm32cube.ide.mcu.externaltools.gnu-tools-for-stm32.10.3-2021.10.win32_1.0.0.202111181127/tools/bin/../lib/gcc/arm-none-eabi/10.3.1/../../../../arm-none-eabi/lib/thumb/v6-m/nofp/crt0.o
[...]
Memory Configuration

Name             Origin             Length             Attributes
RAM              0x0000000020000000 0x0000000000002000 xrw
FLASH            0x0000000008000000 0x0000000000010000 xr
*default*        0x0000000000000000 0xffffffffffffffff

Linker script and memory map

LOAD c:/st/stm32cubeide_1.10.1/stm32cubeide/plugins/com.st.stm32cube.ide.mcu.externaltools.gnu-tools-for-stm32.10.3-2021.10.win32_1.0.0.202111181127/tools/bin/../lib/gcc/arm-none-eabi/10.3.1/thumb/v6-m/nofp/crti.o
LOAD c:/st/stm32cubeide_1.10.1/stm32cubeide/plugins/com.st.stm32cube.ide.mcu.externaltools.gnu-tools-for-stm32.10.3-2021.10.win32_1.0.0.202111181127/tools/bin/../lib/gcc/arm-none-eabi/10.3.1/thumb/v6-m/nofp/crtbegin.o
LOAD c:/st/stm32cubeide_1.10.1/stm32cubeide/plugins/com.st.stm32cube.ide.mcu.externaltools.gnu-tools-for-stm32.10.3-2021.10.win32_1.0.0.202111181127/tools/bin/../lib/gcc/arm-none-eabi/10.3.1/../../../../arm-none-eabi/lib/thumb/v6-m/nofp/crt0.o
LOAD ./Core/Src/fatfs_sd.o
LOAD ./Core/Src/main.o
LOAD ./Core/Src/stm32f0xx_hal_msp.o
LOAD ./Core/Src/stm32f0xx_it.o
LOAD ./Core/Src/syscalls.o
LOAD ./Core/Src/sysmem.o
LOAD ./Core/Src/system_stm32f0xx.o
LOAD ./Core/Startup/startup_stm32f051r8tx.o
LOAD ./Drivers/STM32F0xx_HAL_Driver/Src/stm32f0xx_hal.o
LOAD ./Drivers/STM32F0xx_HAL_Driver/Src/stm32f0xx_hal_cortex.o
LOAD ./Drivers/STM32F0xx_HAL_Driver/Src/stm32f0xx_hal_dma.o
LOAD ./Drivers/STM32F0xx_HAL_Driver/Src/stm32f0xx_hal_exti.o
LOAD ./Drivers/STM32F0xx_HAL_Driver/Src/stm32f0xx_hal_flash.o
LOAD ./Drivers/STM32F0xx_HAL_Driver/Src/stm32f0xx_hal_flash_ex.o
LOAD ./Drivers/STM32F0xx_HAL_Driver/Src/stm32f0xx_hal_gpio.o
LOAD ./Drivers/STM32F0xx_HAL_Driver/Src/stm32f0xx_hal_i2c.o
LOAD ./Drivers/STM32F0xx_HAL_Driver/Src/stm32f0xx_hal_i2c_ex.o
LOAD ./Drivers/STM32F0xx_HAL_Driver/Src/stm32f0xx_hal_pwr.o
LOAD ./Drivers/STM32F0xx_HAL_Driver/Src/stm32f0xx_hal_pwr_ex.o
LOAD ./Drivers/STM32F0xx_HAL_Driver/Src/stm32f0xx_hal_rcc.o
LOAD ./Drivers/STM32F0xx_HAL_Driver/Src/stm32f0xx_hal_rcc_ex.o
LOAD ./Drivers/STM32F0xx_HAL_Driver/Src/stm32f0xx_hal_spi.o
LOAD ./Drivers/STM32F0xx_HAL_Driver/Src/stm32f0xx_hal_spi_ex.o
LOAD ./Drivers/STM32F0xx_HAL_Driver/Src/stm32f0xx_hal_tim.o
LOAD ./Drivers/STM32F0xx_HAL_Driver/Src/stm32f0xx_hal_tim_ex.o
LOAD ./FATFS/App/fatfs.o
LOAD ./FATFS/Target/user_diskio.o
LOAD ./Middlewares/Third_Party/FatFs/src/diskio.o
LOAD ./Middlewares/Third_Party/FatFs/src/ff.o
LOAD ./Middlewares/Third_Party/FatFs/src/ff_gen_drv.o
LOAD ./Middlewares/Third_Party/FatFs/src/option/syscall.o
START GROUP
LOAD c:/st/stm32cubeide_1.10.1/stm32cubeide/plugins/com.st.stm32cube.ide.mcu.externaltools.gnu-tools-for-stm32.10.3-2021.10.win32_1.0.0.202111181127/tools/bin/../lib/gcc/arm-none-eabi/10.3.1/../../../../arm-none-eabi/lib/thumb/v6-m/nofp\libc_nano.a
LOAD c:/st/stm32cubeide_1.10.1/stm32cubeide/plugins/com.st.stm32cube.ide.mcu.externaltools.gnu-tools-for-stm32.10.3-2021.10.win32_1.0.0.202111181127/tools/bin/../lib/gcc/arm-none-eabi/10.3.1/../../../../arm-none-eabi/lib/thumb/v6-m/nofp\libm.a
END GROUP
START GROUP
LOAD c:/st/stm32cubeide_1.10.1/stm32cubeide/plugins/com.st.stm32cube.ide.mcu.externaltools.gnu-tools-for-stm32.10.3-2021.10.win32_1.0.0.202111181127/tools/bin/../lib/gcc/arm-none-eabi/10.3.1/thumb/v6-m/nofp\libgcc.a
LOAD c:/st/stm32cubeide_1.10.1/stm32cubeide/plugins/com.st.stm32cube.ide.mcu.externaltools.gnu-tools-for-stm32.10.3-2021.10.win32_1.0.0.202111181127/tools/bin/../lib/gcc/arm-none-eabi/10.3.1/../../../../arm-none-eabi/lib/thumb/v6-m/nofp\libc_nano.a
END GROUP
START GROUP
LOAD c:/st/stm32cubeide_1.10.1/stm32cubeide/plugins/com.st.stm32cube.ide.mcu.externaltools.gnu-tools-for-stm32.10.3-2021.10.win32_1.0.0.202111181127/tools/bin/../lib/gcc/arm-none-eabi/10.3.1/thumb/v6-m/nofp\libgcc.a
LOAD c:/st/stm32cubeide_1.10.1/stm32cubeide/plugins/com.st.stm32cube.ide.mcu.externaltools.gnu-tools-for-stm32.10.3-2021.10.win32_1.0.0.202111181127/tools/bin/../lib/gcc/arm-none-eabi/10.3.1/../../../../arm-none-eabi/lib/thumb/v6-m/nofp\libc_nano.a
LOAD c:/st/stm32cubeide_1.10.1/stm32cubeide/plugins/com.st.stm32cube.ide.mcu.externaltools.gnu-tools-for-stm32.10.3-2021.10.win32_1.0.0.202111181127/tools/bin/../lib/gcc/arm-none-eabi/10.3.1/../../../../arm-none-eabi/lib/thumb/v6-m/nofp\libnosys.a
END GROUP
START GROUP
LOAD c:/st/stm32cubeide_1.10.1/stm32cubeide/plugins/com.st.stm32cube.ide.mcu.externaltools.gnu-tools-for-stm32.10.3-2021.10.win32_1.0.0.202111181127/tools/bin/../lib/gcc/arm-none-eabi/10.3.1/thumb/v6-m/nofp\libgcc.a
LOAD c:/st/stm32cubeide_1.10.1/stm32cubeide/plugins/com.st.stm32cube.ide.mcu.externaltools.gnu-tools-for-stm32.10.3-2021.10.win32_1.0.0.202111181127/tools/bin/../lib/gcc/arm-none-eabi/10.3.1/../../../../arm-none-eabi/lib/thumb/v6-m/nofp\libc_nano.a
LOAD c:/st/stm32cubeide_1.10.1/stm32cubeide/plugins/com.st.stm32cube.ide.mcu.externaltools.gnu-tools-for-stm32.10.3-2021.10.win32_1.0.0.202111181127/tools/bin/../lib/gcc/arm-none-eabi/10.3.1/../../../../arm-none-eabi/lib/thumb/v6-m/nofp\libnosys.a
END GROUP
LOAD c:/st/stm32cubeide_1.10.1/stm32cubeide/plugins/com.st.stm32cube.ide.mcu.externaltools.gnu-tools-for-stm32.10.3-2021.10.win32_1.0.0.202111181127/tools/bin/../lib/gcc/arm-none-eabi/10.3.1/thumb/v6-m/nofp/crtend.o
LOAD c:/st/stm32cubeide_1.10.1/stm32cubeide/plugins/com.st.stm32cube.ide.mcu.externaltools.gnu-tools-for-stm32.10.3-2021.10.win32_1.0.0.202111181127/tools/bin/../lib/gcc/arm-none-eabi/10.3.1/thumb/v6-m/nofp/crtn.o
                0x0000000020002000                _estack = (ORIGIN (RAM) + LENGTH (RAM))
                0x0000000000000200                _Min_Heap_Size = 0x200
                0x0000000000000400                _Min_Stack_Size = 0x400

.isr_vector     0x0000000008000000       0xc0
                0x0000000008000000                . = ALIGN (0x4)
 *(.isr_vector)
 .isr_vector    0x0000000008000000       0xc0 ./Core/Startup/startup_stm32f051r8tx.o
                0x0000000008000000                g_pfnVectors
                0x00000000080000c0                . = ALIGN (0x4)

.text           0x00000000080000c0     0x5804
                0x00000000080000c0                . = ALIGN (0x4)
 *(.text)
 .text          0x00000000080000c0       0x48 c:/st/stm32cubeide_1.10.1/stm32cubeide/plugins/com.st.stm32cube.ide.mcu.externaltools.gnu-tools-for-stm32.10.3-2021.10.win32_1.0.0.202111181127/tools/bin/../lib/gcc/arm-none-eabi/10.3.1/thumb/v6-m/nofp/crtbegin.o
 .text          0x0000000008000108      0x114 c:/st/stm32cubeide_1.10.1/stm32cubeide/plugins/com.st.stm32cube.ide.mcu.externaltools.gnu-tools-for-stm32.10.3-2021.10.win32_1.0.0.202111181127/tools/bin/../lib/gcc/arm-none-eabi/10.3.1/thumb/v6-m/nofp\libgcc.a(_udivsi3.o)
                0x0000000008000108                __aeabi_uidiv
                0x0000000008000108                __udivsi3
                0x0000000008000214                __aeabi_uidivmod
 .text          0x000000000800021c        0x4 c:/st/stm32cubeide_1.10.1/stm32cubeide/plugins/com.st.stm32cube.ide.mcu.externaltools.gnu-tools-for-stm32.10.3-2021.10.win32_1.0.0.202111181127/tools/bin/../lib/gcc/arm-none-eabi/10.3.1/thumb/v6-m/nofp\libgcc.a(_dvmd_tls.o)
                0x000000000800021c                __aeabi_idiv0
                0x000000000800021c                __aeabi_ldiv0
 *(.text*)
 .text.SELECT   0x0000000008000220       0x18 ./Core/Src/fatfs_sd.o
 .text.DESELECT
                0x0000000008000238       0x18 ./Core/Src/fatfs_sd.o
 .text.SPI_TxByte
                0x0000000008000250       0x38 ./Core/Src/fatfs_sd.o
 .text.SPI_RxByte
                0x0000000008000288       0x44 ./Core/Src/fatfs_sd.o
 .text.SPI_RxBytePtr
                0x00000000080002cc       0x1c ./Core/Src/fatfs_sd.o
 .text.SD_ReadyWait
                0x00000000080002e8       0x3c ./Core/Src/fatfs_sd.o
 .text.SD_PowerOn
                0x0000000008000324       0xa8 ./Core/Src/fatfs_sd.o
 .text.SD_PowerOff
                0x00000000080003cc       0x14 ./Core/Src/fatfs_sd.o
 .text.SD_CheckPower
                0x00000000080003e0       0x14 ./Core/Src/fatfs_sd.o
 .text.SD_RxDataBlock
                0x00000000080003f4       0x78 ./Core/Src/fatfs_sd.o
 .text.SD_TxDataBlock
                0x000000000800046c       0xd0 ./Core/Src/fatfs_sd.o
 .text.SD_SendCmd
                0x000000000800053c       0xd2 ./Core/Src/fatfs_sd.o
 *fill*         0x000000000800060e        0x2 
 .text.SD_disk_initialize
                0x0000000008000610      0x218 ./Core/Src/fatfs_sd.o
                0x0000000008000610                SD_disk_initialize
 .text.SD_disk_status
                0x0000000008000828       0x2c ./Core/Src/fatfs_sd.o
                0x0000000008000828                SD_disk_status
 .text.SD_disk_read
                0x0000000008000854       0xe0 ./Core/Src/fatfs_sd.o
                0x0000000008000854                SD_disk_read
 .text.SD_disk_write
                0x0000000008000934      0x110 ./Core/Src/fatfs_sd.o
                0x0000000008000934                SD_disk_write
 .text.SD_disk_ioctl
                0x0000000008000a44      0x274 ./Core/Src/fatfs_sd.o
                0x0000000008000a44                SD_disk_ioctl
 .text.main     0x0000000008000cb8       0x84 ./Core/Src/main.o
                0x0000000008000cb8                main
 .text.SystemClock_Config
                0x0000000008000d3c       0x94 ./Core/Src/main.o
                0x0000000008000d3c                SystemClock_Config
 .text.MX_SPI1_Init
                0x0000000008000dd0       0x7c ./Core/Src/main.o
 .text.MX_GPIO_Init
                0x0000000008000e4c       0xec ./Core/Src/main.o
 .text.Error_Handler
                0x0000000008000f38        0xa ./Core/Src/main.o
                0x0000000008000f38                Error_Handler
 *fill*         0x0000000008000f42        0x2 
 .text.HAL_MspInit
                0x0000000008000f44       0x48 ./Core/Src/stm32f0xx_hal_msp.o
                0x0000000008000f44                HAL_MspInit
 .text.HAL_SPI_MspInit
                0x0000000008000f8c       0x98 ./Core/Src/stm32f0xx_hal_msp.o
                0x0000000008000f8c                HAL_SPI_MspInit
 .text.SDTimer_Handler
                0x0000000008001024       0x44 ./Core/Src/stm32f0xx_it.o
                0x0000000008001024                SDTimer_Handler
 .text.NMI_Handler
                0x0000000008001068        0x6 ./Core/Src/stm32f0xx_it.o
                0x0000000008001068                NMI_Handler
 .text.HardFault_Handler
                0x000000000800106e        0x6 ./Core/Src/stm32f0xx_it.o
                0x000000000800106e                HardFault_Handler
 .text.SVC_Handler
                0x0000000008001074        0xa ./Core/Src/stm32f0xx_it.o
                0x0000000008001074                SVC_Handler
 .text.PendSV_Handler
                0x000000000800107e        0xa ./Core/Src/stm32f0xx_it.o
                0x000000000800107e                PendSV_Handler
 .text.SysTick_Handler
                0x0000000008001088       0x34 ./Core/Src/stm32f0xx_it.o
                0x0000000008001088                SysTick_Handler
 .text.SystemInit
                0x00000000080010bc        0xa ./Core/Src/system_stm32f0xx.o
                0x00000000080010bc                SystemInit
 *fill*         0x00000000080010c6        0x2 
 .text.Reset_Handler
                0x00000000080010c8       0x50 ./Core/Startup/startup_stm32f051r8tx.o
                0x00000000080010c8                Reset_Handler
 .text.Default_Handler
                0x0000000008001118        0x2 ./Core/Startup/startup_stm32f051r8tx.o
                0x0000000008001118                TIM1_CC_IRQHandler
                0x0000000008001118                TSC_IRQHandler
                0x0000000008001118                ADC1_COMP_IRQHandler
                0x0000000008001118                PVD_IRQHandler
                0x0000000008001118                I2C1_IRQHandler
                0x0000000008001118                RCC_CRS_IRQHandler
                0x0000000008001118                SPI1_IRQHandler
                0x0000000008001118                TIM6_DAC_IRQHandler
                0x0000000008001118                EXTI2_3_IRQHandler
                0x0000000008001118                I2C2_IRQHandler
                0x0000000008001118                TIM17_IRQHandler
                0x0000000008001118                CEC_CAN_IRQHandler
                0x0000000008001118                RTC_IRQHandler
                0x0000000008001118                TIM16_IRQHandler
                0x0000000008001118                TIM3_IRQHandler
                0x0000000008001118                EXTI4_15_IRQHandler
                0x0000000008001118                DMA1_Channel1_IRQHandler
                0x0000000008001118                Default_Handler
                0x0000000008001118                TIM14_IRQHandler
                0x0000000008001118                DMA1_Channel4_5_IRQHandler
                0x0000000008001118                TIM15_IRQHandler
                0x0000000008001118                EXTI0_1_IRQHandler
                0x0000000008001118                SPI2_IRQHandler
                0x0000000008001118                WWDG_IRQHandler
                0x0000000008001118                TIM2_IRQHandler
                0x0000000008001118                DMA1_Channel2_3_IRQHandler
                0x0000000008001118                USART2_IRQHandler
                0x0000000008001118                FLASH_IRQHandler
                0x0000000008001118                USART1_IRQHandler
                0x0000000008001118                TIM1_BRK_UP_TRG_COM_IRQHandler
 *fill*         0x000000000800111a        0x2 
 .text.HAL_Init
                0x000000000800111c       0x28 ./Drivers/STM32F0xx_HAL_Driver/Src/stm32f0xx_hal.o
                0x000000000800111c                HAL_Init
 .text.HAL_InitTick
                0x0000000008001144       0x68 ./Drivers/STM32F0xx_HAL_Driver/Src/stm32f0xx_hal.o
                0x0000000008001144                HAL_InitTick
 .text.HAL_IncTick
                0x00000000080011ac       0x24 ./Drivers/STM32F0xx_HAL_Driver/Src/stm32f0xx_hal.o
                0x00000000080011ac                HAL_IncTick
 .text.HAL_GetTick
                0x00000000080011d0       0x14 ./Drivers/STM32F0xx_HAL_Driver/Src/stm32f0xx_hal.o
                0x00000000080011d0                HAL_GetTick
 .text.__NVIC_SetPriority
                0x00000000080011e4       0xdc ./Drivers/STM32F0xx_HAL_Driver/Src/stm32f0xx_hal_cortex.o
 .text.SysTick_Config
                0x00000000080012c0       0x48 ./Drivers/STM32F0xx_HAL_Driver/Src/stm32f0xx_hal_cortex.o
 .text.HAL_NVIC_SetPriority
                0x0000000008001308       0x2a ./Drivers/STM32F0xx_HAL_Driver/Src/stm32f0xx_hal_cortex.o
                0x0000000008001308                HAL_NVIC_SetPriority
 .text.HAL_SYSTICK_Config
                0x0000000008001332       0x1a ./Drivers/STM32F0xx_HAL_Driver/Src/stm32f0xx_hal_cortex.o
                0x0000000008001332                HAL_SYSTICK_Config
 .text.HAL_GPIO_Init
                0x000000000800134c      0x2e0 ./Drivers/STM32F0xx_HAL_Driver/Src/stm32f0xx_hal_gpio.o
                0x000000000800134c                HAL_GPIO_Init
 .text.HAL_GPIO_WritePin
                0x000000000800162c       0x3a ./Drivers/STM32F0xx_HAL_Driver/Src/stm32f0xx_hal_gpio.o
                0x000000000800162c                HAL_GPIO_WritePin
 *fill*         0x0000000008001666        0x2 
 .text.HAL_RCC_OscConfig
                0x0000000008001668      0x634 ./Drivers/STM32F0xx_HAL_Driver/Src/stm32f0xx_hal_rcc.o
                0x0000000008001668                HAL_RCC_OscConfig
 .text.HAL_RCC_ClockConfig
                0x0000000008001c9c      0x19c ./Drivers/STM32F0xx_HAL_Driver/Src/stm32f0xx_hal_rcc.o
                0x0000000008001c9c                HAL_RCC_ClockConfig
 .text.HAL_RCC_GetSysClockFreq
                0x0000000008001e38       0xc8 ./Drivers/STM32F0xx_HAL_Driver/Src/stm32f0xx_hal_rcc.o
                0x0000000008001e38                HAL_RCC_GetSysClockFreq
 .text.HAL_SPI_Init
                0x0000000008001f00      0x170 ./Drivers/STM32F0xx_HAL_Driver/Src/stm32f0xx_hal_spi.o
                0x0000000008001f00                HAL_SPI_Init
 .text.HAL_SPI_Transmit
                0x0000000008002070      0x2b0 ./Drivers/STM32F0xx_HAL_Driver/Src/stm32f0xx_hal_spi.o
                0x0000000008002070                HAL_SPI_Transmit
 .text.HAL_SPI_TransmitReceive
                0x0000000008002320      0x3a4 ./Drivers/STM32F0xx_HAL_Driver/Src/stm32f0xx_hal_spi.o
                0x0000000008002320                HAL_SPI_TransmitReceive
 .text.HAL_SPI_GetState
                0x00000000080026c4       0x18 ./Drivers/STM32F0xx_HAL_Driver/Src/stm32f0xx_hal_spi.o
                0x00000000080026c4                HAL_SPI_GetState
 .text.SPI_WaitFlagStateUntilTimeout
                0x00000000080026dc      0x11c ./Drivers/STM32F0xx_HAL_Driver/Src/stm32f0xx_hal_spi.o
 .text.SPI_WaitFifoStateUntilTimeout
                0x00000000080027f8      0x144 ./Drivers/STM32F0xx_HAL_Driver/Src/stm32f0xx_hal_spi.o
 .text.SPI_EndRxTxTransaction
                0x000000000800293c       0x8c ./Drivers/STM32F0xx_HAL_Driver/Src/stm32f0xx_hal_spi.o
 .text.MX_FATFS_Init
                0x00000000080029c8       0x2c ./FATFS/App/fatfs.o
                0x00000000080029c8                MX_FATFS_Init
 .text.get_fattime
                0x00000000080029f4        0xc ./FATFS/App/fatfs.o
                0x00000000080029f4                get_fattime
 .text.USER_initialize
                0x0000000008002a00       0x22 ./FATFS/Target/user_diskio.o
                0x0000000008002a00                USER_initialize
 .text.USER_status
                0x0000000008002a22       0x22 ./FATFS/Target/user_diskio.o
                0x0000000008002a22                USER_status
 .text.USER_read
                0x0000000008002a44       0x2e ./FATFS/Target/user_diskio.o
                0x0000000008002a44                USER_read
 .text.USER_write
                0x0000000008002a72       0x2e ./FATFS/Target/user_diskio.o
                0x0000000008002a72                USER_write
 .text.USER_ioctl
                0x0000000008002aa0       0x30 ./FATFS/Target/user_diskio.o
                0x0000000008002aa0                USER_ioctl
 .text.disk_status
                0x0000000008002ad0       0x44 ./Middlewares/Third_Party/FatFs/src/diskio.o
                0x0000000008002ad0                disk_status
 .text.disk_initialize
                0x0000000008002b14       0x60 ./Middlewares/Third_Party/FatFs/src/diskio.o
                0x0000000008002b14                disk_initialize
 .text.disk_read
                0x0000000008002b74       0x50 ./Middlewares/Third_Party/FatFs/src/diskio.o
                0x0000000008002b74                disk_read
 .text.disk_write
                0x0000000008002bc4       0x50 ./Middlewares/Third_Party/FatFs/src/diskio.o
                0x0000000008002bc4                disk_write
 .text.disk_ioctl
                0x0000000008002c14       0x50 ./Middlewares/Third_Party/FatFs/src/diskio.o
                0x0000000008002c14                disk_ioctl
 .text.mem_cpy  0x0000000008002c64       0x3a ./Middlewares/Third_Party/FatFs/src/ff.o
 .text.mem_set  0x0000000008002c9e       0x32 ./Middlewares/Third_Party/FatFs/src/ff.o
 .text.mem_cmp  0x0000000008002cd0       0x4a ./Middlewares/Third_Party/FatFs/src/ff.o
 .text.chk_chr  0x0000000008002d1a       0x32 ./Middlewares/Third_Party/FatFs/src/ff.o
 .text.chk_lock
                0x0000000008002d4c       0xdc ./Middlewares/Third_Party/FatFs/src/ff.o
 .text.enq_lock
                0x0000000008002e28       0x40 ./Middlewares/Third_Party/FatFs/src/ff.o
 .text.inc_lock
                0x0000000008002e68      0x170 ./Middlewares/Third_Party/FatFs/src/ff.o
 .text.dec_lock
                0x0000000008002fd8       0xa8 ./Middlewares/Third_Party/FatFs/src/ff.o
 .text.clear_lock
                0x0000000008003080       0x4c ./Middlewares/Third_Party/FatFs/src/ff.o
 .text.sync_window
                0x00000000080030cc       0xb0 ./Middlewares/Third_Party/FatFs/src/ff.o
 .text.move_window
                0x000000000800317c       0x78 ./Middlewares/Third_Party/FatFs/src/ff.o
 .text.sync_fs  0x00000000080031f4      0x1a8 ./Middlewares/Third_Party/FatFs/src/ff.o
 .text.clust2sect
                0x000000000800339c       0x48 ./Middlewares/Third_Party/FatFs/src/ff.o
                0x000000000800339c                clust2sect
 .text.get_fat  0x00000000080033e4      0x184 ./Middlewares/Third_Party/FatFs/src/ff.o
                0x00000000080033e4                get_fat
 .text.put_fat  0x0000000008003568      0x25c ./Middlewares/Third_Party/FatFs/src/ff.o
                0x0000000008003568                put_fat
 .text.remove_chain
                0x00000000080037c4       0xe0 ./Middlewares/Third_Party/FatFs/src/ff.o
 .text.create_chain
                0x00000000080038a4      0x16c ./Middlewares/Third_Party/FatFs/src/ff.o
 .text.clmt_clust
                0x0000000008003a10       0x74 ./Middlewares/Third_Party/FatFs/src/ff.o
 .text.dir_sdi  0x0000000008003a84      0x160 ./Middlewares/Third_Party/FatFs/src/ff.o
 .text.dir_next
                0x0000000008003be4      0x234 ./Middlewares/Third_Party/FatFs/src/ff.o
 .text.dir_alloc
                0x0000000008003e18       0xba ./Middlewares/Third_Party/FatFs/src/ff.o
 .text.ld_clust
                0x0000000008003ed2       0x5a ./Middlewares/Third_Party/FatFs/src/ff.o
 .text.st_clust
                0x0000000008003f2c       0x4a ./Middlewares/Third_Party/FatFs/src/ff.o
 .text.dir_find
                0x0000000008003f76       0xc8 ./Middlewares/Third_Party/FatFs/src/ff.o
 .text.dir_register
                0x000000000800403e       0x92 ./Middlewares/Third_Party/FatFs/src/ff.o
 .text.create_name
                0x00000000080040d0      0x200 ./Middlewares/Third_Party/FatFs/src/ff.o
 .text.follow_path
                0x00000000080042d0      0x110 ./Middlewares/Third_Party/FatFs/src/ff.o
 .text.get_ldnumber
                0x00000000080043e0       0x84 ./Middlewares/Third_Party/FatFs/src/ff.o
 .text.check_fs
                0x0000000008004464       0xdc ./Middlewares/Third_Party/FatFs/src/ff.o
 .text.find_volume
                0x0000000008004540      0x63c ./Middlewares/Third_Party/FatFs/src/ff.o
 .text.validate
                0x0000000008004b7c       0x7c ./Middlewares/Third_Party/FatFs/src/ff.o
 .text.f_mount  0x0000000008004bf8       0xa0 ./Middlewares/Third_Party/FatFs/src/ff.o
                0x0000000008004bf8                f_mount
 .text.f_open   0x0000000008004c98      0x508 ./Middlewares/Third_Party/FatFs/src/ff.o
                0x0000000008004c98                f_open
 .text.f_write  0x00000000080051a0      0x3d0 ./Middlewares/Third_Party/FatFs/src/ff.o
                0x00000000080051a0                f_write
 .text.f_sync   0x0000000008005570      0x1ac ./Middlewares/Third_Party/FatFs/src/ff.o
                0x0000000008005570                f_sync
 .text.f_close  0x000000000800571c       0x6e ./Middlewares/Third_Party/FatFs/src/ff.o
                0x000000000800571c                f_close
 *fill*         0x000000000800578a        0x2 
 .text.FATFS_LinkDriverEx
                0x000000000800578c       0xa8 ./Middlewares/Third_Party/FatFs/src/ff_gen_drv.o
                0x000000000800578c                FATFS_LinkDriverEx
 .text.FATFS_LinkDriver
                0x0000000008005834       0x20 ./Middlewares/Third_Party/FatFs/src/ff_gen_drv.o
                0x0000000008005834                FATFS_LinkDriver
 .text.__libc_init_array
                0x0000000008005854       0x48 c:/st/stm32cubeide_1.10.1/stm32cubeide/plugins/com.st.stm32cube.ide.mcu.externaltools.gnu-tools-for-stm32.10.3-2021.10.win32_1.0.0.202111181127/tools/bin/../lib/gcc/arm-none-eabi/10.3.1/../../../../arm-none-eabi/lib/thumb/v6-m/nofp\libc_nano.a(lib_a-init.o)
                0x0000000008005854                __libc_init_array
 .text.memset   0x000000000800589c       0x10 c:/st/stm32cubeide_1.10.1/stm32cubeide/plugins/com.st.stm32cube.ide.mcu.externaltools.gnu-tools-for-stm32.10.3-2021.10.win32_1.0.0.202111181127/tools/bin/../lib/gcc/arm-none-eabi/10.3.1/../../../../arm-none-eabi/lib/thumb/v6-m/nofp\libc_nano.a(lib_a-memset.o)
                0x000000000800589c                memset
 *(.glue_7)
 .glue_7        0x00000000080058ac        0x0 linker stubs
 *(.glue_7t)
 .glue_7t       0x00000000080058ac        0x0 linker stubs
 *(.eh_frame)
 .eh_frame      0x00000000080058ac        0x0 c:/st/stm32cubeide_1.10.1/stm32cubeide/plugins/com.st.stm32cube.ide.mcu.externaltools.gnu-tools-for-stm32.10.3-2021.10.win32_1.0.0.202111181127/tools/bin/../lib/gcc/arm-none-eabi/10.3.1/thumb/v6-m/nofp/crtbegin.o
 *(.init)
 .init          0x00000000080058ac        0x4 c:/st/stm32cubeide_1.10.1/stm32cubeide/plugins/com.st.stm32cube.ide.mcu.externaltools.gnu-tools-for-stm32.10.3-2021.10.win32_1.0.0.202111181127/tools/bin/../lib/gcc/arm-none-eabi/10.3.1/thumb/v6-m/nofp/crti.o
                0x00000000080058ac                _init
 .init          0x00000000080058b0        0x8 c:/st/stm32cubeide_1.10.1/stm32cubeide/plugins/com.st.stm32cube.ide.mcu.externaltools.gnu-tools-for-stm32.10.3-2021.10.win32_1.0.0.202111181127/tools/bin/../lib/gcc/arm-none-eabi/10.3.1/thumb/v6-m/nofp/crtn.o
 *(.fini)
 .fini          0x00000000080058b8        0x4 c:/st/stm32cubeide_1.10.1/stm32cubeide/plugins/com.st.stm32cube.ide.mcu.externaltools.gnu-tools-for-stm32.10.3-2021.10.win32_1.0.0.202111181127/tools/bin/../lib/gcc/arm-none-eabi/10.3.1/thumb/v6-m/nofp/crti.o
                0x00000000080058b8                _fini
 .fini          0x00000000080058bc        0x8 c:/st/stm32cubeide_1.10.1/stm32cubeide/plugins/com.st.stm32cube.ide.mcu.externaltools.gnu-tools-for-stm32.10.3-2021.10.win32_1.0.0.202111181127/tools/bin/../lib/gcc/arm-none-eabi/10.3.1/thumb/v6-m/nofp/crtn.o
                0x00000000080058c4                . = ALIGN (0x4)
                0x00000000080058c4                _etext = .

.vfp11_veneer   0x00000000080058c4        0x0
 .vfp11_veneer  0x00000000080058c4        0x0 linker stubs

.v4_bx          0x00000000080058c4        0x0
 .v4_bx         0x00000000080058c4        0x0 linker stubs

.iplt           0x00000000080058c4        0x0
 .iplt          0x00000000080058c4        0x0 c:/st/stm32cubeide_1.10.1/stm32cubeide/plugins/com.st.stm32cube.ide.mcu.externaltools.gnu-tools-for-stm32.10.3-2021.10.win32_1.0.0.202111181127/tools/bin/../lib/gcc/arm-none-eabi/10.3.1/thumb/v6-m/nofp/crtbegin.o

.rodata         0x00000000080058c4      0x160
                0x00000000080058c4                . = ALIGN (0x4)
 *(.rodata)
 .rodata        0x00000000080058c4       0x34 ./Core/Src/main.o
 .rodata        0x00000000080058f8       0x20 ./Drivers/STM32F0xx_HAL_Driver/Src/stm32f0xx_hal_rcc.o
 .rodata        0x0000000008005918       0x44 ./Middlewares/Third_Party/FatFs/src/ff.o
 *(.rodata*)
 .rodata.SD_disk_ioctl
                0x000000000800595c       0x38 ./Core/Src/fatfs_sd.o
 .rodata.AHBPrescTable
                0x0000000008005994       0x10 ./Core/Src/system_stm32f0xx.o
                0x0000000008005994                AHBPrescTable
 .rodata.ExCvt  0x00000000080059a4       0x80 ./Middlewares/Third_Party/FatFs/src/ff.o
                0x0000000008005a24                . = ALIGN (0x4)

.rel.dyn        0x0000000008005a24        0x0
 .rel.iplt      0x0000000008005a24        0x0 c:/st/stm32cubeide_1.10.1/stm32cubeide/plugins/com.st.stm32cube.ide.mcu.externaltools.gnu-tools-for-stm32.10.3-2021.10.win32_1.0.0.202111181127/tools/bin/../lib/gcc/arm-none-eabi/10.3.1/thumb/v6-m/nofp/crtbegin.o

.ARM.extab      0x0000000008005a24        0x0
                0x0000000008005a24                . = ALIGN (0x4)
 *(.ARM.extab* .gnu.linkonce.armextab.*)
                0x0000000008005a24                . = ALIGN (0x4)

.ARM            0x0000000008005a24        0x0
                0x0000000008005a24                . = ALIGN (0x4)
                0x0000000008005a24                __exidx_start = .
 *(.ARM.exidx*)
                0x0000000008005a24                __exidx_end = .
                0x0000000008005a24                . = ALIGN (0x4)

.preinit_array  0x0000000008005a24        0x0
                0x0000000008005a24                . = ALIGN (0x4)
                0x0000000008005a24                PROVIDE (__preinit_array_start = .)
 *(.preinit_array*)
                0x0000000008005a24                PROVIDE (__preinit_array_end = .)
                0x0000000008005a24                . = ALIGN (0x4)

.init_array     0x0000000008005a24        0x4
                0x0000000008005a24                . = ALIGN (0x4)
                0x0000000008005a24                PROVIDE (__init_array_start = .)
 *(SORT_BY_NAME(.init_array.*))
 *(.init_array*)
 .init_array    0x0000000008005a24        0x4 c:/st/stm32cubeide_1.10.1/stm32cubeide/plugins/com.st.stm32cube.ide.mcu.externaltools.gnu-tools-for-stm32.10.3-2021.10.win32_1.0.0.202111181127/tools/bin/../lib/gcc/arm-none-eabi/10.3.1/thumb/v6-m/nofp/crtbegin.o
                0x0000000008005a28                PROVIDE (__init_array_end = .)
                0x0000000008005a28                . = ALIGN (0x4)

.fini_array     0x0000000008005a28        0x4
                0x0000000008005a28                . = ALIGN (0x4)
                [!provide]                        PROVIDE (__fini_array_start = .)
 *(SORT_BY_NAME(.fini_array.*))
 *(.fini_array*)
 .fini_array    0x0000000008005a28        0x4 c:/st/stm32cubeide_1.10.1/stm32cubeide/plugins/com.st.stm32cube.ide.mcu.externaltools.gnu-tools-for-stm32.10.3-2021.10.win32_1.0.0.202111181127/tools/bin/../lib/gcc/arm-none-eabi/10.3.1/thumb/v6-m/nofp/crtbegin.o
                [!provide]                        PROVIDE (__fini_array_end = .)
                0x0000000008005a2c                . = ALIGN (0x4)
                0x0000000008005a2c                _sidata = LOADADDR (.data)

.data           0x0000000020000000       0x24 load address 0x0000000008005a2c
                0x0000000020000000                . = ALIGN (0x4)
                0x0000000020000000                _sdata = .
 *(.data)
 *(.data*)
 .data.Stat     0x0000000020000000        0x1 ./Core/Src/fatfs_sd.o
 *fill*         0x0000000020000001        0x3 
 .data.SystemCoreClock
                0x0000000020000004        0x4 ./Core/Src/system_stm32f0xx.o
                0x0000000020000004                SystemCoreClock
 .data.uwTickPrio
                0x0000000020000008        0x4 ./Drivers/STM32F0xx_HAL_Driver/Src/stm32f0xx_hal.o
                0x0000000020000008                uwTickPrio
 .data.uwTickFreq
                0x000000002000000c        0x1 ./Drivers/STM32F0xx_HAL_Driver/Src/stm32f0xx_hal.o
                0x000000002000000c                uwTickFreq
 *fill*         0x000000002000000d        0x3 
 .data.USER_Driver
                0x0000000020000010       0x14 ./FATFS/Target/user_diskio.o
                0x0000000020000010                USER_Driver
 *(.RamFunc)
 *(.RamFunc*)
                0x0000000020000024                . = ALIGN (0x4)
                0x0000000020000024                _edata = .

.igot.plt       0x0000000020000024        0x0 load address 0x0000000008005a50
 .igot.plt      0x0000000020000024        0x0 c:/st/stm32cubeide_1.10.1/stm32cubeide/plugins/com.st.stm32cube.ide.mcu.externaltools.gnu-tools-for-stm32.10.3-2021.10.win32_1.0.0.202111181127/tools/bin/../lib/gcc/arm-none-eabi/10.3.1/thumb/v6-m/nofp/crtbegin.o
                0x0000000020000024                . = ALIGN (0x4)

.bss            0x0000000020000024      0x524 load address 0x0000000008005a50
                0x0000000020000024                _sbss = .
                0x0000000020000024                __bss_start__ = _sbss
 *(.bss)
 .bss           0x0000000020000024       0x1c c:/st/stm32cubeide_1.10.1/stm32cubeide/plugins/com.st.stm32cube.ide.mcu.externaltools.gnu-tools-for-stm32.10.3-2021.10.win32_1.0.0.202111181127/tools/bin/../lib/gcc/arm-none-eabi/10.3.1/thumb/v6-m/nofp/crtbegin.o
 *(.bss*)
 .bss.CardType  0x0000000020000040        0x1 ./Core/Src/fatfs_sd.o
 .bss.PowerFlag
                0x0000000020000041        0x1 ./Core/Src/fatfs_sd.o
 *fill*         0x0000000020000042        0x2 
 .bss.hspi1     0x0000000020000044       0x64 ./Core/Src/main.o
                0x0000000020000044                hspi1
 .bss.fs        0x00000000200000a8      0x230 ./Core/Src/main.o
                0x00000000200000a8                fs
 .bss.fil       0x00000000200002d8      0x22c ./Core/Src/main.o
                0x00000000200002d8                fil
 .bss.fresult   0x0000000020000504        0x1 ./Core/Src/main.o
                0x0000000020000504                fresult
 *fill*         0x0000000020000505        0x3 
 .bss.bw        0x0000000020000508        0x4 ./Core/Src/main.o
                0x0000000020000508                bw
 .bss.FatFsCnt  0x000000002000050c        0x1 ./Core/Src/stm32f0xx_it.o
                0x000000002000050c                FatFsCnt
 .bss.Timer1    0x000000002000050d        0x1 ./Core/Src/stm32f0xx_it.o
                0x000000002000050d                Timer1
 .bss.Timer2    0x000000002000050e        0x1 ./Core/Src/stm32f0xx_it.o
                0x000000002000050e                Timer2
 *fill*         0x000000002000050f        0x1 
 .bss.uwTick    0x0000000020000510        0x4 ./Drivers/STM32F0xx_HAL_Driver/Src/stm32f0xx_hal.o
                0x0000000020000510                uwTick
 .bss.retUSER   0x0000000020000514        0x1 ./FATFS/App/fatfs.o
                0x0000000020000514                retUSER
 *fill*         0x0000000020000515        0x3 
 .bss.USERPath  0x0000000020000518        0x4 ./FATFS/App/fatfs.o
                0x0000000020000518                USERPath
 .bss.FatFs     0x000000002000051c        0x4 ./Middlewares/Third_Party/FatFs/src/ff.o
 .bss.Fsid      0x0000000020000520        0x2 ./Middlewares/Third_Party/FatFs/src/ff.o
 *fill*         0x0000000020000522        0x2 
 .bss.Files     0x0000000020000524       0x18 ./Middlewares/Third_Party/FatFs/src/ff.o
 .bss.disk      0x000000002000053c        0xc ./Middlewares/Third_Party/FatFs/src/ff_gen_drv.o
                0x000000002000053c                disk
 *(COMMON)
                0x0000000020000548                . = ALIGN (0x4)
                0x0000000020000548                _ebss = .
                0x0000000020000548                __bss_end__ = _ebss

._user_heap_stack
                0x0000000020000548      0x600 load address 0x0000000008005a50
                0x0000000020000548                . = ALIGN (0x8)
                [!provide]                        PROVIDE (end = .)
                0x0000000020000548                PROVIDE (_end = .)
                0x0000000020000748                . = (. + _Min_Heap_Size)
 *fill*         0x0000000020000548      0x200 
                0x0000000020000b48                . = (. + _Min_Stack_Size)
 *fill*         0x0000000020000748      0x400 
                0x0000000020000b48                . = ALIGN (0x8)

/DISCARD/
 libc.a(*)
 libm.a(*)
 libgcc.a(*)

.ARM.attributes
                0x0000000000000000       0x28
 *(.ARM.attributes)
 .ARM.attributes
                0x0000000000000000       0x1e c:/st/stm32cubeide_1.10.1/stm32cubeide/plugins/com.st.stm32cube.ide.mcu.externaltools.gnu-tools-for-stm32.10.3-2021.10.win32_1.0.0.202111181127/tools/bin/../lib/gcc/arm-none-eabi/10.3.1/thumb/v6-m/nofp/crti.o
 .ARM.attributes
                0x000000000000001e       0x2c c:/st/stm32cubeide_1.10.1/stm32cubeide/plugins/com.st.stm32cube.ide.mcu.externaltools.gnu-tools-for-stm32.10.3-2021.10.win32_1.0.0.202111181127/tools/bin/../lib/gcc/arm-none-eabi/10.3.1/thumb/v6-m/nofp/crtbegin.o
 .ARM.attributes
                0x000000000000004a       0x2c ./Core/Src/fatfs_sd.o
 .ARM.attributes
                0x0000000000000076       0x2c ./Core/Src/main.o
 .ARM.attributes
                0x00000000000000a2       0x2c ./Core/Src/stm32f0xx_hal_msp.o
 .ARM.attributes
                0x00000000000000ce       0x2c ./Core/Src/stm32f0xx_it.o
 .ARM.attributes
                0x00000000000000fa       0x2c ./Core/Src/system_stm32f0xx.o
 .ARM.attributes
                0x0000000000000126       0x21 ./Core/Startup/startup_stm32f051r8tx.o
 .ARM.attributes
                0x0000000000000147       0x2c ./Drivers/STM32F0xx_HAL_Driver/Src/stm32f0xx_hal.o
 .ARM.attributes
                0x0000000000000173       0x2c ./Drivers/STM32F0xx_HAL_Driver/Src/stm32f0xx_hal_cortex.o
 .ARM.attributes
                0x000000000000019f       0x2c ./Drivers/STM32F0xx_HAL_Driver/Src/stm32f0xx_hal_gpio.o
 .ARM.attributes
                0x00000000000001cb       0x2c ./Drivers/STM32F0xx_HAL_Driver/Src/stm32f0xx_hal_rcc.o
 .ARM.attributes
                0x00000000000001f7       0x2c ./Drivers/STM32F0xx_HAL_Driver/Src/stm32f0xx_hal_spi.o
 .ARM.attributes
                0x0000000000000223       0x2c ./FATFS/App/fatfs.o
 .ARM.attributes
                0x000000000000024f       0x2c ./FATFS/Target/user_diskio.o
 .ARM.attributes
                0x000000000000027b       0x2c ./Middlewares/Third_Party/FatFs/src/diskio.o
 .ARM.attributes
                0x00000000000002a7       0x2c ./Middlewares/Third_Party/FatFs/src/ff.o
 .ARM.attributes
                0x00000000000002d3       0x2c ./Middlewares/Third_Party/FatFs/src/ff_gen_drv.o
 .ARM.attributes
                0x00000000000002ff       0x2c c:/st/stm32cubeide_1.10.1/stm32cubeide/plugins/com.st.stm32cube.ide.mcu.externaltools.gnu-tools-for-stm32.10.3-2021.10.win32_1.0.0.202111181127/tools/bin/../lib/gcc/arm-none-eabi/10.3.1/../../../../arm-none-eabi/lib/thumb/v6-m/nofp\libc_nano.a(lib_a-init.o)
 .ARM.attributes
                0x000000000000032b       0x2c c:/st/stm32cubeide_1.10.1/stm32cubeide/plugins/com.st.stm32cube.ide.mcu.externaltools.gnu-tools-for-stm32.10.3-2021.10.win32_1.0.0.202111181127/tools/bin/../lib/gcc/arm-none-eabi/10.3.1/../../../../arm-none-eabi/lib/thumb/v6-m/nofp\libc_nano.a(lib_a-memset.o)
 .ARM.attributes
                0x0000000000000357       0x1e c:/st/stm32cubeide_1.10.1/stm32cubeide/plugins/com.st.stm32cube.ide.mcu.externaltools.gnu-tools-for-stm32.10.3-2021.10.win32_1.0.0.202111181127/tools/bin/../lib/gcc/arm-none-eabi/10.3.1/thumb/v6-m/nofp\libgcc.a(_udivsi3.o)
 .ARM.attributes
                0x0000000000000375       0x1e c:/st/stm32cubeide_1.10.1/stm32cubeide/plugins/com.st.stm32cube.ide.mcu.externaltools.gnu-tools-for-stm32.10.3-2021.10.win32_1.0.0.202111181127/tools/bin/../lib/gcc/arm-none-eabi/10.3.1/thumb/v6-m/nofp\libgcc.a(_dvmd_tls.o)
 .ARM.attributes
                0x0000000000000393       0x1e c:/st/stm32cubeide_1.10.1/stm32cubeide/plugins/com.st.stm32cube.ide.mcu.externaltools.gnu-tools-for-stm32.10.3-2021.10.win32_1.0.0.202111181127/tools/bin/../lib/gcc/arm-none-eabi/10.3.1/thumb/v6-m/nofp/crtn.o
OUTPUT(sdCard_excel.elf elf32-littlearm)
LOAD linker stubs
LOAD c:/st/stm32cubeide_1.10.1/stm32cubeide/plugins/com.st.stm32cube.ide.mcu.externaltools.gnu-tools-for-stm32.10.3-2021.10.win32_1.0.0.202111181127/tools/bin/../lib/gcc/arm-none-eabi/10.3.1/../../../../arm-none-eabi/lib/thumb/v6-m/nofp\libc.a
LOAD c:/st/stm32cubeide_1.10.1/stm32cubeide/plugins/com.st.stm32cube.ide.mcu.externaltools.gnu-tools-for-stm32.10.3-2021.10.win32_1.0.0.202111181127/tools/bin/../lib/gcc/arm-none-eabi/10.3.1/../../../../arm-none-eabi/lib/thumb/v6-m/nofp\libm.a
LOAD c:/st/stm32cubeide_1.10.1/stm32cubeide/plugins/com.st.stm32cube.ide.mcu.externaltools.gnu-tools-for-stm32.10.3-2021.10.win32_1.0.0.202111181127/tools/bin/../lib/gcc/arm-none-eabi/10.3.1/thumb/v6-m/nofp\libgcc.a

.debug_info     0x0000000000000000     0x8fd1
 .debug_info    0x0000000000000000      0xcab ./Core/Src/fatfs_sd.o
 .debug_info    0x0000000000000cab      0xf02 ./Core/Src/main.o
 .debug_info    0x0000000000001bad      0x8ab ./Core/Src/stm32f0xx_hal_msp.o
 .debug_info    0x0000000000002458      0x13f ./Core/Src/stm32f0xx_it.o
 .debug_info    0x0000000000002597      0x269 ./Core/Src/system_stm32f0xx.o
 .debug_info    0x0000000000002800       0x22 ./Core/Startup/startup_stm32f051r8tx.o
 .debug_info    0x0000000000002822      0x6de ./Drivers/STM32F0xx_HAL_Driver/Src/stm32f0xx_hal.o
 .debug_info    0x0000000000002f00      0x711 ./Drivers/STM32F0xx_HAL_Driver/Src/stm32f0xx_hal_cortex.o
 .debug_info    0x0000000000003611      0x621 ./Drivers/STM32F0xx_HAL_Driver/Src/stm32f0xx_hal_gpio.o
 .debug_info    0x0000000000003c32      0x89f ./Drivers/STM32F0xx_HAL_Driver/Src/stm32f0xx_hal_rcc.o
 .debug_info    0x00000000000044d1     0x1777 ./Drivers/STM32F0xx_HAL_Driver/Src/stm32f0xx_hal_spi.o
 .debug_info    0x0000000000005c48      0x51e ./FATFS/App/fatfs.o
 .debug_info    0x0000000000006166      0x3dc ./FATFS/Target/user_diskio.o
 .debug_info    0x0000000000006542      0x40d ./Middlewares/Third_Party/FatFs/src/diskio.o
 .debug_info    0x000000000000694f     0x22de ./Middlewares/Third_Party/FatFs/src/ff.o
 .debug_info    0x0000000000008c2d      0x3a4 ./Middlewares/Third_Party/FatFs/src/ff_gen_drv.o

.debug_abbrev   0x0000000000000000     0x1d04
 .debug_abbrev  0x0000000000000000      0x2b1 ./Core/Src/fatfs_sd.o
 .debug_abbrev  0x00000000000002b1      0x2e4 ./Core/Src/main.o
 .debug_abbrev  0x0000000000000595      0x194 ./Core/Src/stm32f0xx_hal_msp.o
 .debug_abbrev  0x0000000000000729       0x9d ./Core/Src/stm32f0xx_it.o
 .debug_abbrev  0x00000000000007c6      0x116 ./Core/Src/system_stm32f0xx.o
 .debug_abbrev  0x00000000000008dc       0x12 ./Core/Startup/startup_stm32f051r8tx.o
 .debug_abbrev  0x00000000000008ee      0x23f ./Drivers/STM32F0xx_HAL_Driver/Src/stm32f0xx_hal.o
 .debug_abbrev  0x0000000000000b2d      0x283 ./Drivers/STM32F0xx_HAL_Driver/Src/stm32f0xx_hal_cortex.o
 .debug_abbrev  0x0000000000000db0      0x1bb ./Drivers/STM32F0xx_HAL_Driver/Src/stm32f0xx_hal_gpio.o
 .debug_abbrev  0x0000000000000f6b      0x283 ./Drivers/STM32F0xx_HAL_Driver/Src/stm32f0xx_hal_rcc.o
 .debug_abbrev  0x00000000000011ee      0x254 ./Drivers/STM32F0xx_HAL_Driver/Src/stm32f0xx_hal_spi.o
 .debug_abbrev  0x0000000000001442      0x19a ./FATFS/App/fatfs.o
 .debug_abbrev  0x00000000000015dc      0x155 ./FATFS/Target/user_diskio.o
 .debug_abbrev  0x0000000000001731      0x178 ./Middlewares/Third_Party/FatFs/src/diskio.o
 .debug_abbrev  0x00000000000018a9      0x2c5 ./Middlewares/Third_Party/FatFs/src/ff.o
 .debug_abbrev  0x0000000000001b6e      0x196 ./Middlewares/Third_Party/FatFs/src/ff_gen_drv.o

.debug_aranges  0x0000000000000000      0x8c0
 .debug_aranges
                0x0000000000000000       0xa0 ./Core/Src/fatfs_sd.o
 .debug_aranges
                0x00000000000000a0       0x40 ./Core/Src/main.o
 .debug_aranges
                0x00000000000000e0       0x30 ./Core/Src/stm32f0xx_hal_msp.o
 .debug_aranges
                0x0000000000000110       0x48 ./Core/Src/stm32f0xx_it.o
 .debug_aranges
                0x0000000000000158       0x28 ./Core/Src/system_stm32f0xx.o
 .debug_aranges
                0x0000000000000180       0x28 ./Core/Startup/startup_stm32f051r8tx.o
 .debug_aranges
                0x00000000000001a8       0xd0 ./Drivers/STM32F0xx_HAL_Driver/Src/stm32f0xx_hal.o
 .debug_aranges
                0x0000000000000278       0xc0 ./Drivers/STM32F0xx_HAL_Driver/Src/stm32f0xx_hal_cortex.o
 .debug_aranges
                0x0000000000000338       0x58 ./Drivers/STM32F0xx_HAL_Driver/Src/stm32f0xx_hal_gpio.o
 .debug_aranges
                0x0000000000000390       0x80 ./Drivers/STM32F0xx_HAL_Driver/Src/stm32f0xx_hal_rcc.o
 .debug_aranges
                0x0000000000000410      0x1d8 ./Drivers/STM32F0xx_HAL_Driver/Src/stm32f0xx_hal_spi.o
 .debug_aranges
                0x00000000000005e8       0x28 ./FATFS/App/fatfs.o
 .debug_aranges
                0x0000000000000610       0x40 ./FATFS/Target/user_diskio.o
 .debug_aranges
                0x0000000000000650       0x48 ./Middlewares/Third_Party/FatFs/src/diskio.o
 .debug_aranges
                0x0000000000000698      0x1e8 ./Middlewares/Third_Party/FatFs/src/ff.o
 .debug_aranges
                0x0000000000000880       0x40 ./Middlewares/Third_Party/FatFs/src/ff_gen_drv.o

.debug_ranges   0x0000000000000000      0x7c8
 .debug_ranges  0x0000000000000000       0x90 ./Core/Src/fatfs_sd.o
 .debug_ranges  0x0000000000000090       0x30 ./Core/Src/main.o
 .debug_ranges  0x00000000000000c0       0x20 ./Core/Src/stm32f0xx_hal_msp.o
 .debug_ranges  0x00000000000000e0       0x38 ./Core/Src/stm32f0xx_it.o
 .debug_ranges  0x0000000000000118       0x18 ./Core/Src/system_stm32f0xx.o
 .debug_ranges  0x0000000000000130       0x20 ./Core/Startup/startup_stm32f051r8tx.o
 .debug_ranges  0x0000000000000150       0xc0 ./Drivers/STM32F0xx_HAL_Driver/Src/stm32f0xx_hal.o
 .debug_ranges  0x0000000000000210       0xb0 ./Drivers/STM32F0xx_HAL_Driver/Src/stm32f0xx_hal_cortex.o
 .debug_ranges  0x00000000000002c0       0x48 ./Drivers/STM32F0xx_HAL_Driver/Src/stm32f0xx_hal_gpio.o
 .debug_ranges  0x0000000000000308       0x70 ./Drivers/STM32F0xx_HAL_Driver/Src/stm32f0xx_hal_rcc.o
 .debug_ranges  0x0000000000000378      0x1c8 ./Drivers/STM32F0xx_HAL_Driver/Src/stm32f0xx_hal_spi.o
 .debug_ranges  0x0000000000000540       0x18 ./FATFS/App/fatfs.o
 .debug_ranges  0x0000000000000558       0x30 ./FATFS/Target/user_diskio.o
 .debug_ranges  0x0000000000000588       0x38 ./Middlewares/Third_Party/FatFs/src/diskio.o
 .debug_ranges  0x00000000000005c0      0x1d8 ./Middlewares/Third_Party/FatFs/src/ff.o
 .debug_ranges  0x0000000000000798       0x30 ./Middlewares/Third_Party/FatFs/src/ff_gen_drv.o

.debug_macro    0x0000000000000000    0x121b3
 .debug_macro   0x0000000000000000      0x1ee ./Core/Src/fatfs_sd.o
 .debug_macro   0x00000000000001ee      0xa4e ./Core/Src/fatfs_sd.o
 .debug_macro   0x0000000000000c3c      0x12d ./Core/Src/fatfs_sd.o
 .debug_macro   0x0000000000000d69       0x2e ./Core/Src/fatfs_sd.o
 .debug_macro   0x0000000000000d97       0x22 ./Core/Src/fatfs_sd.o
 .debug_macro   0x0000000000000db9       0x22 ./Core/Src/fatfs_sd.o
 .debug_macro   0x0000000000000ddb       0x8e ./Core/Src/fatfs_sd.o
 .debug_macro   0x0000000000000e69       0x51 ./Core/Src/fatfs_sd.o
 .debug_macro   0x0000000000000eba      0x103 ./Core/Src/fatfs_sd.o
 .debug_macro   0x0000000000000fbd       0x6a ./Core/Src/fatfs_sd.o
 .debug_macro   0x0000000000001027      0x1df ./Core/Src/fatfs_sd.o
 .debug_macro   0x0000000000001206       0x1c ./Core/Src/fatfs_sd.o
 .debug_macro   0x0000000000001222       0x22 ./Core/Src/fatfs_sd.o
 .debug_macro   0x0000000000001244       0xaf ./Core/Src/fatfs_sd.o
 .debug_macro   0x00000000000012f3      0x391 ./Core/Src/fatfs_sd.o
 .debug_macro   0x0000000000001684     0x8ce4 ./Core/Src/fatfs_sd.o
 .debug_macro   0x000000000000a368       0x66 ./Core/Src/fatfs_sd.o
 .debug_macro   0x000000000000a3ce     0x34a6 ./Core/Src/fatfs_sd.o
 .debug_macro   0x000000000000d874      0x174 ./Core/Src/fatfs_sd.o
 .debug_macro   0x000000000000d9e8       0x55 ./Core/Src/fatfs_sd.o
 .debug_macro   0x000000000000da3d      0x924 ./Core/Src/fatfs_sd.o
 .debug_macro   0x000000000000e361      0x251 ./Core/Src/fatfs_sd.o
 .debug_macro   0x000000000000e5b2      0x1af ./Core/Src/fatfs_sd.o
 .debug_macro   0x000000000000e761      0x114 ./Core/Src/fatfs_sd.o
 .debug_macro   0x000000000000e875      0x1a0 ./Core/Src/fatfs_sd.o
 .debug_macro   0x000000000000ea15      0x1ed ./Core/Src/fatfs_sd.o
 .debug_macro   0x000000000000ec02       0x34 ./Core/Src/fatfs_sd.o
 .debug_macro   0x000000000000ec36       0x43 ./Core/Src/fatfs_sd.o
 .debug_macro   0x000000000000ec79       0x28 ./Core/Src/fatfs_sd.o
 .debug_macro   0x000000000000eca1       0xb0 ./Core/Src/fatfs_sd.o
 .debug_macro   0x000000000000ed51      0x199 ./Core/Src/fatfs_sd.o
 .debug_macro   0x000000000000eeea      0x22c ./Core/Src/fatfs_sd.o
 .debug_macro   0x000000000000f116       0x61 ./Core/Src/fatfs_sd.o
 .debug_macro   0x000000000000f177       0xa5 ./Core/Src/fatfs_sd.o
 .debug_macro   0x000000000000f21c       0x4c ./Core/Src/fatfs_sd.o
 .debug_macro   0x000000000000f268      0x112 ./Core/Src/fatfs_sd.o
 .debug_macro   0x000000000000f37a      0x2fe ./Core/Src/fatfs_sd.o
 .debug_macro   0x000000000000f678      0x114 ./Core/Src/fatfs_sd.o
 .debug_macro   0x000000000000f78c       0x16 ./Core/Src/fatfs_sd.o
 .debug_macro   0x000000000000f7a2       0x7c ./Core/Src/fatfs_sd.o
 .debug_macro   0x000000000000f81e       0x6a ./Core/Src/fatfs_sd.o
 .debug_macro   0x000000000000f888      0x2e2 ./Core/Src/main.o
 .debug_macro   0x000000000000fb6a       0x40 ./Core/Src/main.o
 .debug_macro   0x000000000000fbaa       0xde ./Core/Src/main.o
 .debug_macro   0x000000000000fc88       0xf5 ./Core/Src/main.o
 .debug_macro   0x000000000000fd7d       0x8e ./Core/Src/main.o
 .debug_macro   0x000000000000fe0b       0x52 ./Core/Src/main.o
 .debug_macro   0x000000000000fe5d       0x18 ./Core/Src/main.o
 .debug_macro   0x000000000000fe75       0x3c ./Core/Src/main.o
 .debug_macro   0x000000000000feb1       0x34 ./Core/Src/main.o
 .debug_macro   0x000000000000fee5       0x16 ./Core/Src/main.o
 .debug_macro   0x000000000000fefb       0x43 ./Core/Src/main.o
 .debug_macro   0x000000000000ff3e       0x34 ./Core/Src/main.o
 .debug_macro   0x000000000000ff72       0x10 ./Core/Src/main.o
 .debug_macro   0x000000000000ff82       0x58 ./Core/Src/main.o
 .debug_macro   0x000000000000ffda       0x71 ./Core/Src/main.o
 .debug_macro   0x000000000001004b       0x1c ./Core/Src/main.o
 .debug_macro   0x0000000000010067      0x12a ./Core/Src/main.o
 .debug_macro   0x0000000000010191      0x341 ./Core/Src/main.o
 .debug_macro   0x00000000000104d2       0x10 ./Core/Src/main.o
 .debug_macro   0x00000000000104e2       0x35 ./Core/Src/main.o
 .debug_macro   0x0000000000010517       0x20 ./Core/Src/main.o
 .debug_macro   0x0000000000010537      0x1be ./Core/Src/stm32f0xx_hal_msp.o
 .debug_macro   0x00000000000106f5      0x1c8 ./Core/Src/stm32f0xx_it.o
 .debug_macro   0x00000000000108bd      0x1af ./Core/Src/system_stm32f0xx.o
 .debug_macro   0x0000000000010a6c      0x1d3 ./Drivers/STM32F0xx_HAL_Driver/Src/stm32f0xx_hal.o
 .debug_macro   0x0000000000010c3f      0x1af ./Drivers/STM32F0xx_HAL_Driver/Src/stm32f0xx_hal_cortex.o
 .debug_macro   0x0000000000010dee      0x1b6 ./Drivers/STM32F0xx_HAL_Driver/Src/stm32f0xx_hal_gpio.o
 .debug_macro   0x0000000000010fa4      0x1c1 ./Drivers/STM32F0xx_HAL_Driver/Src/stm32f0xx_hal_rcc.o
 .debug_macro   0x0000000000011165      0x1b7 ./Drivers/STM32F0xx_HAL_Driver/Src/stm32f0xx_hal_spi.o
 .debug_macro   0x000000000001131c      0x211 ./FATFS/App/fatfs.o
 .debug_macro   0x000000000001152d       0xd8 ./FATFS/App/fatfs.o
 .debug_macro   0x0000000000011605      0x2c6 ./FATFS/Target/user_diskio.o
 .debug_macro   0x00000000000118cb       0x4f ./FATFS/Target/user_diskio.o
 .debug_macro   0x000000000001191a      0x1fe ./Middlewares/Third_Party/FatFs/src/diskio.o
 .debug_macro   0x0000000000011b18      0x445 ./Middlewares/Third_Party/FatFs/src/ff.o
 .debug_macro   0x0000000000011f5d       0x58 ./Middlewares/Third_Party/FatFs/src/ff.o
 .debug_macro   0x0000000000011fb5      0x1fe ./Middlewares/Third_Party/FatFs/src/ff_gen_drv.o

.debug_line     0x0000000000000000     0xc4c3
 .debug_line    0x0000000000000000      0xd5c ./Core/Src/fatfs_sd.o
 .debug_line    0x0000000000000d5c      0x9bc ./Core/Src/main.o
 .debug_line    0x0000000000001718      0x6f1 ./Core/Src/stm32f0xx_hal_msp.o
 .debug_line    0x0000000000001e09      0x73e ./Core/Src/stm32f0xx_it.o
 .debug_line    0x0000000000002547      0x714 ./Core/Src/system_stm32f0xx.o
 .debug_line    0x0000000000002c5b       0x89 ./Core/Startup/startup_stm32f051r8tx.o
 .debug_line    0x0000000000002ce4      0x91f ./Drivers/STM32F0xx_HAL_Driver/Src/stm32f0xx_hal.o
 .debug_line    0x0000000000003603      0x9cb ./Drivers/STM32F0xx_HAL_Driver/Src/stm32f0xx_hal_cortex.o
 .debug_line    0x0000000000003fce      0xa9c ./Drivers/STM32F0xx_HAL_Driver/Src/stm32f0xx_hal_gpio.o
 .debug_line    0x0000000000004a6a      0xd0b ./Drivers/STM32F0xx_HAL_Driver/Src/stm32f0xx_hal_rcc.o
 .debug_line    0x0000000000005775     0x1e76 ./Drivers/STM32F0xx_HAL_Driver/Src/stm32f0xx_hal_spi.o
 .debug_line    0x00000000000075eb      0x740 ./FATFS/App/fatfs.o
 .debug_line    0x0000000000007d2b      0x8c1 ./FATFS/Target/user_diskio.o
 .debug_line    0x00000000000085ec      0x7b0 ./Middlewares/Third_Party/FatFs/src/diskio.o
 .debug_line    0x0000000000008d9c     0x2f5a ./Middlewares/Third_Party/FatFs/src/ff.o
 .debug_line    0x000000000000bcf6      0x7cd ./Middlewares/Third_Party/FatFs/src/ff_gen_drv.o

.debug_str      0x0000000000000000    0x66f70
 .debug_str     0x0000000000000000    0x6172b ./Core/Src/fatfs_sd.o
                                      0x61a5d (size before relaxing)
 .debug_str     0x000000000006172b     0x395c ./Core/Src/main.o
                                      0x651c6 (size before relaxing)
 .debug_str     0x0000000000065087       0x63 ./Core/Src/stm32f0xx_hal_msp.o
                                      0x61714 (size before relaxing)
 .debug_str     0x00000000000650ea       0x9b ./Core/Src/stm32f0xx_it.o
                                      0x61294 (size before relaxing)
 .debug_str     0x0000000000065185       0x8b ./Core/Src/system_stm32f0xx.o
                                      0x61208 (size before relaxing)
 .debug_str     0x0000000000065210       0x36 ./Core/Startup/startup_stm32f051r8tx.o
                                         0x76 (size before relaxing)
 .debug_str     0x0000000000065246      0x4e0 ./Drivers/STM32F0xx_HAL_Driver/Src/stm32f0xx_hal.o
                                      0x617cb (size before relaxing)
 .debug_str     0x0000000000065726      0x1d2 ./Drivers/STM32F0xx_HAL_Driver/Src/stm32f0xx_hal_cortex.o
                                      0x615bc (size before relaxing)
 .debug_str     0x00000000000658f8      0x118 ./Drivers/STM32F0xx_HAL_Driver/Src/stm32f0xx_hal_gpio.o
                                      0x613a9 (size before relaxing)
 .debug_str     0x0000000000065a10      0x21a ./Drivers/STM32F0xx_HAL_Driver/Src/stm32f0xx_hal_rcc.o
                                      0x61644 (size before relaxing)
 .debug_str     0x0000000000065c2a      0x56a ./Drivers/STM32F0xx_HAL_Driver/Src/stm32f0xx_hal_spi.o
                                      0x61b78 (size before relaxing)
 .debug_str     0x0000000000066194       0x74 ./FATFS/App/fatfs.o
                                      0x61b44 (size before relaxing)
 .debug_str     0x0000000000066208       0x5a ./FATFS/Target/user_diskio.o
                                      0x648ca (size before relaxing)
 .debug_str     0x0000000000066262       0x52 ./Middlewares/Third_Party/FatFs/src/diskio.o
                                      0x61a70 (size before relaxing)
 .debug_str     0x00000000000662b4      0xc2b ./Middlewares/Third_Party/FatFs/src/ff.o
                                      0x6289b (size before relaxing)
 .debug_str     0x0000000000066edf       0x91 ./Middlewares/Third_Party/FatFs/src/ff_gen_drv.o
                                      0x61ac1 (size before relaxing)

.comment        0x0000000000000000       0x50
 .comment       0x0000000000000000       0x50 ./Core/Src/fatfs_sd.o
                                         0x51 (size before relaxing)
 .comment       0x0000000000000050       0x51 ./Core/Src/main.o
 .comment       0x0000000000000050       0x51 ./Core/Src/stm32f0xx_hal_msp.o
 .comment       0x0000000000000050       0x51 ./Core/Src/stm32f0xx_it.o
 .comment       0x0000000000000050       0x51 ./Core/Src/system_stm32f0xx.o
 .comment       0x0000000000000050       0x51 ./Drivers/STM32F0xx_HAL_Driver/Src/stm32f0xx_hal.o
 .comment       0x0000000000000050       0x51 ./Drivers/STM32F0xx_HAL_Driver/Src/stm32f0xx_hal_cortex.o
 .comment       0x0000000000000050       0x51 ./Drivers/STM32F0xx_HAL_Driver/Src/stm32f0xx_hal_gpio.o
 .comment       0x0000000000000050       0x51 ./Drivers/STM32F0xx_HAL_Driver/Src/stm32f0xx_hal_rcc.o
 .comment       0x0000000000000050       0x51 ./Drivers/STM32F0xx_HAL_Driver/Src/stm32f0xx_hal_spi.o
 .comment       0x0000000000000050       0x51 ./FATFS/App/fatfs.o
 .comment       0x0000000000000050       0x51 ./FATFS/Target/user_diskio.o
 .comment       0x0000000000000050       0x51 ./Middlewares/Third_Party/FatFs/src/diskio.o
 .comment       0x0000000000000050       0x51 ./Middlewares/Third_Party/FatFs/src/ff.o
 .comment       0x0000000000000050       0x51 ./Middlewares/Third_Party/FatFs/src/ff_gen_drv.o

.debug_frame    0x0000000000000000     0x1e0c
 .debug_frame   0x0000000000000000      0x230 ./Core/Src/fatfs_sd.o
 .debug_frame   0x0000000000000230       0xa4 ./Core/Src/main.o
 .debug_frame   0x00000000000002d4       0x70 ./Core/Src/stm32f0xx_hal_msp.o
 .debug_frame   0x0000000000000344       0xb8 ./Core/Src/stm32f0xx_it.o
 .debug_frame   0x00000000000003fc       0x4c ./Core/Src/system_stm32f0xx.o
 .debug_frame   0x0000000000000448      0x2a4 ./Drivers/STM32F0xx_HAL_Driver/Src/stm32f0xx_hal.o
 .debug_frame   0x00000000000006ec      0x2a0 ./Drivers/STM32F0xx_HAL_Driver/Src/stm32f0xx_hal_cortex.o
 .debug_frame   0x000000000000098c      0x110 ./Drivers/STM32F0xx_HAL_Driver/Src/stm32f0xx_hal_gpio.o
 .debug_frame   0x0000000000000a9c      0x198 ./Drivers/STM32F0xx_HAL_Driver/Src/stm32f0xx_hal_rcc.o
 .debug_frame   0x0000000000000c34      0x710 ./Drivers/STM32F0xx_HAL_Driver/Src/stm32f0xx_hal_spi.o
 .debug_frame   0x0000000000001344       0x48 ./FATFS/App/fatfs.o
 .debug_frame   0x000000000000138c       0xb0 ./FATFS/Target/user_diskio.o
 .debug_frame   0x000000000000143c       0xdc ./Middlewares/Third_Party/FatFs/src/diskio.o
 .debug_frame   0x0000000000001518      0x7dc ./Middlewares/Third_Party/FatFs/src/ff.o
 .debug_frame   0x0000000000001cf4       0xac ./Middlewares/Third_Party/FatFs/src/ff_gen_drv.o
 .debug_frame   0x0000000000001da0       0x2c c:/st/stm32cubeide_1.10.1/stm32cubeide/plugins/com.st.stm32cube.ide.mcu.externaltools.gnu-tools-for-stm32.10.3-2021.10.win32_1.0.0.202111181127/tools/bin/../lib/gcc/arm-none-eabi/10.3.1/../../../../arm-none-eabi/lib/thumb/v6-m/nofp\libc_nano.a(lib_a-init.o)
 .debug_frame   0x0000000000001dcc       0x20 c:/st/stm32cubeide_1.10.1/stm32cubeide/plugins/com.st.stm32cube.ide.mcu.externaltools.gnu-tools-for-stm32.10.3-2021.10.win32_1.0.0.202111181127/tools/bin/../lib/gcc/arm-none-eabi/10.3.1/../../../../arm-none-eabi/lib/thumb/v6-m/nofp\libc_nano.a(lib_a-memset.o)
 .debug_frame   0x0000000000001dec       0x20 c:/st/stm32cubeide_1.10.1/stm32cubeide/plugins/com.st.stm32cube.ide.mcu.externaltools.gnu-tools-for-stm32.10.3-2021.10.win32_1.0.0.202111181127/tools/bin/../lib/gcc/arm-none-eabi/10.3.1/thumb/v6-m/nofp\libgcc.a(_udivsi3.o)
